{"phase":"continuous-playback","ended":false}
{"phase":"continuous-playback","ended":false,"sample":{"wall":6667.100000143051,"time":4.928307,"readyState":4,"paused":false,"seeking":false,"rate":1,"muted":false,"volume":1}}
{"phase":"continuous-playback","ended":false,"sample":{"wall":11667.300000190735,"time":9.928478,"readyState":4,"paused":false,"seeking":false,"rate":1,"muted":false,"volume":1}}
{"phase":"continuous-playback","ended":false,"sample":{"wall":16667.200000047684,"time":14.928466,"readyState":4,"paused":false,"seeking":false,"rate":1,"muted":false,"volume":1}}
{"phase":"continuous-playback","ended":false,"sample":{"wall":21667.400000095367,"time":19.928608,"readyState":4,"paused":false,"seeking":false,"rate":1,"muted":false,"volume":1}}
{"phase":"continuous-playback","ended":false,"sample":{"wall":26667.200000047684,"time":24.928525,"readyState":4,"paused":false,"seeking":false,"rate":1,"muted":false,"volume":1}}
{"phase":"continuous-playback","ended":false,"sample":{"wall":31666.900000095367,"time":29.928281,"readyState":4,"paused":false,"seeking":false,"rate":1,"muted":false,"volume":1}}
{"phase":"continuous-playback","ended":false,"sample":{"wall":36667.10000014305,"time":34.92862,"readyState":4,"paused":false,"seeking":false,"rate":1,"muted":false,"volume":1}}
{"phase":"continuous-playback","ended":false,"sample":{"wall":41667.5,"time":39.929009,"readyState":4,"paused":false,"seeking":false,"rate":1,"muted":false,"volume":1}}
{"phase":"continuous-playback","ended":false,"sample":{"wall":46666.90000009537,"time":44.928505,"readyState":4,"paused":false,"seeking":false,"rate":1,"muted":false,"volume":1}}
{"phase":"continuous-playback","ended":false,"sample":{"wall":51667.90000009537,"time":49.929458,"readyState":4,"paused":false,"seeking":false,"rate":1,"muted":false,"volume":1}}
{"phase":"continuous-playback","ended":false,"sample":{"wall":56666.200000047684,"time":54.92782,"readyState":4,"paused":false,"seeking":false,"rate":1,"muted":false,"volume":1}}
{"phase":"continuous-playback","ended":false,"sample":{"wall":61667.200000047684,"time":59.928839,"readyState":4,"paused":false,"seeking":false,"rate":1,"muted":false,"volume":1}}
{"phase":"continuous-playback","ended":false,"sample":{"wall":66666.90000009537,"time":64.928592,"readyState":4,"paused":false,"seeking":false,"rate":1,"muted":false,"volume":1}}
{"phase":"continuous-playback","ended":false,"sample":{"wall":71667.30000019073,"time":69.92902,"readyState":4,"paused":false,"seeking":false,"rate":1,"muted":false,"volume":1}}
{"phase":"continuous-playback","ended":false,"sample":{"wall":76667.20000004768,"time":74.929005,"readyState":4,"paused":false,"seeking":false,"rate":1,"muted":false,"volume":1}}
{"phase":"continuous-playback","ended":false,"sample":{"wall":81667.70000004768,"time":79.929544,"readyState":4,"paused":false,"seeking":false,"rate":1,"muted":false,"volume":1}}
{"phase":"continuous-playback","ended":false,"sample":{"wall":86667.60000014305,"time":84.929509,"readyState":4,"paused":false,"seeking":false,"rate":1,"muted":false,"volume":1}}
{"phase":"continuous-playback","ended":false,"sample":{"wall":91666.70000004768,"time":89.92862,"readyState":4,"paused":false,"seeking":false,"rate":1,"muted":false,"volume":1}}
{"phase":"continuous-playback","ended":false,"sample":{"wall":96667.60000014305,"time":94.929605,"readyState":4,"paused":false,"seeking":false,"rate":1,"muted":false,"volume":1}}
{"phase":"continuous-playback","ended":false,"sample":{"wall":101667.60000014305,"time":99.929609,"readyState":4,"paused":false,"seeking":false,"rate":1,"muted":false,"volume":1}}
{"phase":"continuous-playback","ended":false,"sample":{"wall":106667.30000019073,"time":104.929317,"readyState":4,"paused":false,"seeking":false,"rate":1,"muted":false,"volume":1}}
{"phase":"continuous-playback","ended":false,"sample":{"wall":111667.40000009537,"time":109.929584,"readyState":4,"paused":false,"seeking":false,"rate":1,"muted":false,"volume":1}}
{"phase":"continuous-playback","ended":false,"sample":{"wall":116667.40000009537,"time":114.929533,"readyState":4,"paused":false,"seeking":false,"rate":1,"muted":false,"volume":1}}
{"phase":"continuous-playback","ended":false,"sample":{"wall":121667.10000014305,"time":119.92934,"readyState":4,"paused":false,"seeking":false,"rate":1,"muted":false,"volume":1}}
{"phase":"continuous-playback","ended":false,"sample":{"wall":126667.10000014305,"time":124.92936,"readyState":4,"paused":false,"seeking":false,"rate":1,"muted":false,"volume":1}}
{"phase":"continuous-playback","ended":false,"sample":{"wall":131667,"time":129.929358,"readyState":4,"paused":false,"seeking":false,"rate":1,"muted":false,"volume":1}}
{"phase":"continuous-playback","ended":false,"sample":{"wall":136667,"time":134.929308,"readyState":4,"paused":false,"seeking":false,"rate":1,"muted":false,"volume":1}}
{"phase":"continuous-playback","ended":false,"sample":{"wall":141666.90000009537,"time":139.929333,"readyState":4,"paused":false,"seeking":false,"rate":1,"muted":false,"volume":1}}
{"phase":"continuous-playback","ended":false,"sample":{"wall":146667.10000014305,"time":144.929558,"readyState":4,"paused":false,"seeking":false,"rate":1,"muted":false,"volume":1}}
{"phase":"continuous-playback","ended":false,"sample":{"wall":151666.90000009537,"time":149.929362,"readyState":4,"paused":false,"seeking":false,"rate":1,"muted":false,"volume":1}}
{"phase":"continuous-playback","ended":false,"sample":{"wall":156666.5,"time":154.929014,"readyState":4,"paused":false,"seeking":false,"rate":1,"muted":false,"volume":1}}
{"phase":"continuous-playback","ended":false,"sample":{"wall":161666.90000009537,"time":159.929435,"readyState":4,"paused":false,"seeking":false,"rate":1,"muted":false,"volume":1}}
{"phase":"continuous-playback","ended":false,"sample":{"wall":166667.20000004768,"time":164.929792,"readyState":4,"paused":false,"seeking":false,"rate":1,"muted":false,"volume":1}}
{"phase":"continuous-playback","ended":false,"sample":{"wall":171667,"time":169.929629,"readyState":4,"paused":false,"seeking":false,"rate":1,"muted":false,"volume":1}}
{"phase":"continuous-playback","ended":false,"sample":{"wall":176667.20000004768,"time":174.929866,"readyState":4,"paused":false,"seeking":false,"rate":1,"muted":false,"volume":1}}
{"phase":"continuous-playback","ended":false,"sample":{"wall":181666.90000009537,"time":179.929644,"readyState":4,"paused":false,"seeking":false,"rate":1,"muted":false,"volume":1}}
{"phase":"continuous-playback","ended":false,"sample":{"wall":186667,"time":184.92978,"readyState":4,"paused":false,"seeking":false,"rate":1,"muted":false,"volume":1}}
{"phase":"continuous-playback","ended":false,"sample":{"wall":191667,"time":189.929875,"readyState":4,"paused":false,"seeking":false,"rate":1,"muted":false,"volume":1}}
{"phase":"continuous-playback","ended":false,"sample":{"wall":196667,"time":194.929834,"readyState":4,"paused":false,"seeking":false,"rate":1,"muted":false,"volume":1}}
{"phase":"continuous-playback","ended":false,"sample":{"wall":201666.90000009537,"time":199.929884,"readyState":4,"paused":false,"seeking":false,"rate":1,"muted":false,"volume":1}}
{"phase":"continuous-playback","ended":false,"sample":{"wall":206666.80000019073,"time":204.929682,"readyState":4,"paused":false,"seeking":false,"rate":1,"muted":false,"volume":1}}
{"phase":"continuous-playback","ended":false,"sample":{"wall":211666.70000004768,"time":209.9297,"readyState":4,"paused":false,"seeking":false,"rate":1,"muted":false,"volume":1}}
{"phase":"continuous-playback","ended":false,"sample":{"wall":216666.70000004768,"time":214.929745,"readyState":4,"paused":false,"seeking":false,"rate":1,"muted":false,"volume":1}}
{"phase":"continuous-playback","ended":false,"sample":{"wall":221666.80000019073,"time":219.929923,"readyState":4,"paused":false,"seeking":false,"rate":1,"muted":false,"volume":1}}
{"phase":"continuous-playback","ended":false,"sample":{"wall":226666.70000004768,"time":224.929862,"readyState":4,"paused":false,"seeking":false,"rate":1,"muted":false,"volume":1}}
{"phase":"continuous-playback","ended":false,"sample":{"wall":231666.5,"time":229.929731,"readyState":4,"paused":false,"seeking":false,"rate":1,"muted":false,"volume":1}}
{"phase":"continuous-playback","ended":false,"sample":{"wall":236666.5,"time":234.929742,"readyState":4,"paused":false,"seeking":false,"rate":1,"muted":false,"volume":1}}
{"phase":"continuous-playback","ended":false,"sample":{"wall":241666.40000009537,"time":239.929755,"readyState":4,"paused":false,"seeking":false,"rate":1,"muted":false,"volume":1}}
{"phase":"continuous-playback","ended":false,"sample":{"wall":246666.40000009537,"time":244.929741,"readyState":4,"paused":false,"seeking":false,"rate":1,"muted":false,"volume":1}}
{"phase":"continuous-playback","ended":false,"sample":{"wall":251666.40000009537,"time":249.929759,"readyState":4,"paused":false,"seeking":false,"rate":1,"muted":false,"volume":1}}
{"phase":"continuous-playback","ended":false,"sample":{"wall":256666.5,"time":254.929939,"readyState":4,"paused":false,"seeking":false,"rate":1,"muted":false,"volume":1}}
{"phase":"continuous-playback","ended":false,"sample":{"wall":261666.70000004768,"time":259.930128,"readyState":4,"paused":false,"seeking":false,"rate":1,"muted":false,"volume":1}}
{"phase":"continuous-playback","ended":false,"sample":{"wall":266667.10000014305,"time":264.93071,"readyState":4,"paused":false,"seeking":false,"rate":1,"muted":false,"volume":1}}
{"phase":"continuous-playback","ended":false,"sample":{"wall":271666.30000019073,"time":269.929792,"readyState":4,"paused":false,"seeking":false,"rate":1,"muted":false,"volume":1}}
{"phase":"continuous-playback","ended":false,"sample":{"wall":276666.30000019073,"time":274.929963,"readyState":4,"paused":false,"seeking":false,"rate":1,"muted":false,"volume":1}}
{"phase":"continuous-playback","ended":false,"sample":{"wall":281666.30000019073,"time":279.929976,"readyState":4,"paused":false,"seeking":false,"rate":1,"muted":false,"volume":1}}
{"phase":"continuous-playback","ended":false,"sample":{"wall":286666.30000019073,"time":284.929973,"readyState":4,"paused":false,"seeking":false,"rate":1,"muted":false,"volume":1}}
{"phase":"continuous-playback","ended":false,"sample":{"wall":291666.10000014305,"time":289.929841,"readyState":4,"paused":false,"seeking":false,"rate":1,"muted":false,"volume":1}}
{"phase":"continuous-playback","ended":false,"sample":{"wall":296666.10000014305,"time":294.929822,"readyState":4,"paused":false,"seeking":false,"rate":1,"muted":false,"volume":1}}
{"phase":"continuous-playback","ended":false,"sample":{"wall":301666.10000014305,"time":299.929962,"readyState":4,"paused":false,"seeking":false,"rate":1,"muted":false,"volume":1}}
{"phase":"continuous-playback","ended":false,"sample":{"wall":306666.10000014305,"time":304.93,"readyState":4,"paused":false,"seeking":false,"rate":1,"muted":false,"volume":1}}
{"phase":"continuous-playback","ended":false,"sample":{"wall":311667,"time":309.930921,"readyState":4,"paused":false,"seeking":false,"rate":1,"muted":false,"volume":1}}
{"phase":"continuous-playback","ended":false,"sample":{"wall":316666,"time":314.930021,"readyState":4,"paused":false,"seeking":false,"rate":1,"muted":false,"volume":1}}
{"phase":"continuous-playback","ended":false,"sample":{"wall":321666.10000014305,"time":319.930067,"readyState":4,"paused":false,"seeking":false,"rate":1,"muted":false,"volume":1}}
{"phase":"continuous-playback","ended":false,"sample":{"wall":326666,"time":324.930095,"readyState":4,"paused":false,"seeking":false,"rate":1,"muted":false,"volume":1}}
{"phase":"continuous-playback","ended":false,"sample":{"wall":331665.90000009537,"time":329.930039,"readyState":4,"paused":false,"seeking":false,"rate":1,"muted":false,"volume":1}}
{"phase":"continuous-playback","ended":false,"sample":{"wall":336666,"time":334.93006,"readyState":4,"paused":false,"seeking":false,"rate":1,"muted":false,"volume":1}}
{"phase":"continuous-playback","ended":false,"sample":{"wall":341665.80000019073,"time":339.93006,"readyState":4,"paused":false,"seeking":false,"rate":1,"muted":false,"volume":1}}
{"phase":"continuous-playback","ended":false,"sample":{"wall":346665.80000019073,"time":344.930119,"readyState":4,"paused":false,"seeking":false,"rate":1,"muted":false,"volume":1}}
{"phase":"continuous-playback","ended":false,"sample":{"wall":351667,"time":349.931237,"readyState":4,"paused":false,"seeking":false,"rate":1,"muted":false,"volume":1}}
{"phase":"continuous-playback","ended":false,"sample":{"wall":356666.90000009537,"time":354.931262,"readyState":4,"paused":false,"seeking":false,"rate":1,"muted":false,"volume":1}}
{"phase":"continuous-playback","ended":false,"sample":{"wall":361666.5,"time":359.930901,"readyState":4,"paused":false,"seeking":false,"rate":1,"muted":false,"volume":1}}
{"phase":"continuous-playback","ended":false,"sample":{"wall":366666.60000014305,"time":364.930959,"readyState":4,"paused":false,"seeking":false,"rate":1,"muted":false,"volume":1}}
{"phase":"continuous-playback","ended":false,"sample":{"wall":371666.7000000477,"time":369.931151,"readyState":4,"paused":false,"seeking":false,"rate":1,"muted":false,"volume":1}}
{"phase":"continuous-playback","ended":false,"sample":{"wall":376666.2000000477,"time":374.930692,"readyState":4,"paused":false,"seeking":false,"rate":1,"muted":false,"volume":1}}
{"phase":"continuous-playback","ended":false,"sample":{"wall":381666.10000014305,"time":379.930603,"readyState":4,"paused":false,"seeking":false,"rate":1,"muted":false,"volume":1}}
{"phase":"continuous-playback","ended":false,"sample":{"wall":386666.7000000477,"time":384.931298,"readyState":4,"paused":false,"seeking":false,"rate":1,"muted":false,"volume":1}}
{"phase":"continuous-playback","ended":false,"sample":{"wall":391666.7000000477,"time":389.93135,"readyState":4,"paused":false,"seeking":false,"rate":1,"muted":false,"volume":1}}
{"phase":"continuous-playback","ended":false,"sample":{"wall":396666.60000014305,"time":394.931345,"readyState":4,"paused":false,"seeking":false,"rate":1,"muted":false,"volume":1}}
{"phase":"continuous-playback","ended":false,"sample":{"wall":401666.60000014305,"time":399.931343,"readyState":4,"paused":false,"seeking":false,"rate":1,"muted":false,"volume":1}}
{"phase":"continuous-playback","ended":false,"sample":{"wall":406666.5,"time":404.931337,"readyState":4,"paused":false,"seeking":false,"rate":1,"muted":false,"volume":1}}
{"phase":"continuous-playback","ended":false,"sample":{"wall":411666.60000014305,"time":409.931394,"readyState":4,"paused":false,"seeking":false,"rate":1,"muted":false,"volume":1}}
{"phase":"continuous-playback","ended":false,"sample":{"wall":416666.5,"time":414.931358,"readyState":4,"paused":false,"seeking":false,"rate":1,"muted":false,"volume":1}}
{"phase":"continuous-playback","ended":false,"sample":{"wall":421666.5,"time":419.93137,"readyState":4,"paused":false,"seeking":false,"rate":1,"muted":false,"volume":1}}
{"phase":"continuous-playback","ended":false,"sample":{"wall":426666.40000009537,"time":424.931378,"readyState":4,"paused":false,"seeking":false,"rate":1,"muted":false,"volume":1}}
{"phase":"continuous-playback","ended":false,"sample":{"wall":431666.30000019073,"time":429.931378,"readyState":4,"paused":false,"seeking":false,"rate":1,"muted":false,"volume":1}}
{"phase":"continuous-playback","ended":false,"sample":{"wall":436666.30000019073,"time":434.931386,"readyState":4,"paused":false,"seeking":false,"rate":1,"muted":false,"volume":1}}
{"phase":"continuous-playback","ended":false,"sample":{"wall":441666.30000019073,"time":439.931418,"readyState":4,"paused":false,"seeking":false,"rate":1,"muted":false,"volume":1}}
{"phase":"continuous-playback","ended":false,"sample":{"wall":446666.90000009537,"time":444.932048,"readyState":4,"paused":false,"seeking":false,"rate":1,"muted":false,"volume":1}}
{"phase":"continuous-playback","ended":false,"sample":{"wall":451667.30000019073,"time":449.932457,"readyState":4,"paused":false,"seeking":false,"rate":1,"muted":false,"volume":1}}
{"phase":"continuous-playback","ended":false,"sample":{"wall":456666.30000019073,"time":454.931507,"readyState":4,"paused":false,"seeking":false,"rate":1,"muted":false,"volume":1}}
{"phase":"continuous-playback","ended":false,"sample":{"wall":461666.10000014305,"time":459.931444,"readyState":4,"paused":false,"seeking":false,"rate":1,"muted":false,"volume":1}}
{"phase":"continuous-playback","ended":false,"sample":{"wall":466666.10000014305,"time":464.931408,"readyState":4,"paused":false,"seeking":false,"rate":1,"muted":false,"volume":1}}
{"phase":"continuous-playback","ended":false,"sample":{"wall":471666.10000014305,"time":469.931461,"readyState":4,"paused":false,"seeking":false,"rate":1,"muted":false,"volume":1}}
{"phase":"continuous-playback","ended":false,"sample":{"wall":476666.10000014305,"time":474.931485,"readyState":4,"paused":false,"seeking":false,"rate":1,"muted":false,"volume":1}}
{"phase":"continuous-playback","ended":false,"sample":{"wall":481666.10000014305,"time":479.931496,"readyState":4,"paused":false,"seeking":false,"rate":1,"muted":false,"volume":1}}
{"phase":"continuous-playback","ended":false,"sample":{"wall":486666,"time":484.931517,"readyState":4,"paused":false,"seeking":false,"rate":1,"muted":false,"volume":1}}
{"phase":"continuous-playback","ended":false,"sample":{"wall":491666.90000009537,"time":489.932408,"readyState":4,"paused":false,"seeking":false,"rate":1,"muted":false,"volume":1}}
{"phase":"continuous-playback","ended":false,"sample":{"wall":496666.90000009537,"time":494.93245,"readyState":4,"paused":false,"seeking":false,"rate":1,"muted":false,"volume":1}}
{"phase":"continuous-playback","ended":false,"sample":{"wall":501667.7000000477,"time":499.933338,"readyState":4,"paused":false,"seeking":false,"rate":1,"muted":false,"volume":1}}
{"phase":"continuous-playback","ended":false,"sample":{"wall":506668.10000014305,"time":504.933817,"readyState":4,"paused":false,"seeking":false,"rate":1,"muted":false,"volume":1}}
{"phase":"continuous-playback","ended":false,"sample":{"wall":511667.60000014305,"time":509.933396,"readyState":4,"paused":false,"seeking":false,"rate":1,"muted":false,"volume":1}}
{"phase":"continuous-playback","ended":false,"sample":{"wall":516667.60000014305,"time":514.933354,"readyState":4,"paused":false,"seeking":false,"rate":1,"muted":false,"volume":1}}
{"phase":"continuous-playback","ended":false,"sample":{"wall":521667.60000014305,"time":519.933379,"readyState":4,"paused":false,"seeking":false,"rate":1,"muted":false,"volume":1}}
{"phase":"continuous-playback","ended":false,"sample":{"wall":526667.600000143,"time":524.933407,"readyState":4,"paused":false,"seeking":false,"rate":1,"muted":false,"volume":1}}
{"phase":"continuous-playback","ended":false,"sample":{"wall":531666.7000000477,"time":529.932588,"readyState":4,"paused":false,"seeking":false,"rate":1,"muted":false,"volume":1}}
{"phase":"continuous-playback","ended":false,"sample":{"wall":536666.3000001907,"time":534.932208,"readyState":4,"paused":false,"seeking":false,"rate":1,"muted":false,"volume":1}}
{"phase":"continuous-playback","ended":false,"sample":{"wall":541668,"time":539.933982,"readyState":4,"paused":false,"seeking":false,"rate":1,"muted":false,"volume":1}}
{"phase":"continuous-playback","ended":false,"sample":{"wall":546666.600000143,"time":544.932566,"readyState":4,"paused":false,"seeking":false,"rate":1,"muted":false,"volume":1}}
{"phase":"continuous-playback","ended":false,"sample":{"wall":551666.3000001907,"time":549.932401,"readyState":4,"paused":false,"seeking":false,"rate":1,"muted":false,"volume":1}}
{"phase":"continuous-playback","ended":false,"sample":{"wall":556666.4000000954,"time":554.93254,"readyState":4,"paused":false,"seeking":false,"rate":1,"muted":false,"volume":1}}
{"phase":"continuous-playback","ended":false,"sample":{"wall":561666.3000001907,"time":559.932494,"readyState":4,"paused":false,"seeking":false,"rate":1,"muted":false,"volume":1}}
{"phase":"continuous-playback","ended":false,"sample":{"wall":566666.3000001907,"time":564.932586,"readyState":4,"paused":false,"seeking":false,"rate":1,"muted":false,"volume":1}}
{"phase":"continuous-playback","ended":false,"sample":{"wall":571666.2000000477,"time":569.932473,"readyState":4,"paused":false,"seeking":false,"rate":1,"muted":false,"volume":1}}
{"phase":"continuous-playback","ended":false,"sample":{"wall":576666.4000000954,"time":574.932627,"readyState":4,"paused":false,"seeking":false,"rate":1,"muted":false,"volume":1}}
{"phase":"continuous-playback","ended":false,"sample":{"wall":581666.2000000477,"time":579.932573,"readyState":4,"paused":false,"seeking":false,"rate":1,"muted":false,"volume":1}}
{"phase":"continuous-playback","ended":false,"sample":{"wall":586666.3000001907,"time":584.932704,"readyState":4,"paused":false,"seeking":false,"rate":1,"muted":false,"volume":1}}
{"phase":"continuous-playback","ended":false,"sample":{"wall":591667.4000000954,"time":589.933829,"readyState":4,"paused":false,"seeking":false,"rate":1,"muted":false,"volume":1}}
{"phase":"continuous-playback","ended":false,"sample":{"wall":596668.2000000477,"time":594.934785,"readyState":4,"paused":false,"seeking":false,"rate":1,"muted":false,"volume":1}}
{"phase":"continuous-playback","ended":false,"sample":{"wall":601667.7000000477,"time":599.934248,"readyState":4,"paused":false,"seeking":false,"rate":1,"muted":false,"volume":1}}
{"phase":"continuous-playback","ended":false,"sample":{"wall":606668.600000143,"time":604.935197,"readyState":4,"paused":false,"seeking":false,"rate":1,"muted":false,"volume":1}}
{"phase":"continuous-playback","ended":false,"sample":{"wall":611666.7000000477,"time":609.933325,"readyState":4,"paused":false,"seeking":false,"rate":1,"muted":false,"volume":1}}
{"phase":"continuous-playback","ended":false,"sample":{"wall":616667.5,"time":614.934107,"readyState":4,"paused":false,"seeking":false,"rate":1,"muted":false,"volume":1}}
{"phase":"continuous-playback","ended":false,"sample":{"wall":621667.100000143,"time":619.933847,"readyState":4,"paused":false,"seeking":false,"rate":1,"muted":false,"volume":1}}
{"phase":"continuous-playback","ended":false,"sample":{"wall":626666.9000000954,"time":624.933639,"readyState":4,"paused":false,"seeking":false,"rate":1,"muted":false,"volume":1}}
{"phase":"continuous-playback","ended":false,"sample":{"wall":631667.100000143,"time":629.933847,"readyState":4,"paused":false,"seeking":false,"rate":1,"muted":false,"volume":1}}
{"phase":"continuous-playback","ended":false,"sample":{"wall":636666.8000001907,"time":634.933594,"readyState":4,"paused":false,"seeking":false,"rate":1,"muted":false,"volume":1}}
{"phase":"continuous-playback","ended":false,"sample":{"wall":641666.8000001907,"time":639.933629,"readyState":4,"paused":false,"seeking":false,"rate":1,"muted":false,"volume":1}}
{"phase":"continuous-playback","ended":false,"sample":{"wall":646666.9000000954,"time":644.93388,"readyState":4,"paused":false,"seeking":false,"rate":1,"muted":false,"volume":1}}
{"phase":"continuous-playback","ended":false,"sample":{"wall":651666,"time":649.933068,"readyState":4,"paused":false,"seeking":false,"rate":1,"muted":false,"volume":1}}
{"phase":"continuous-playback","ended":false,"sample":{"wall":656666.9000000954,"time":654.933941,"readyState":4,"paused":false,"seeking":false,"rate":1,"muted":false,"volume":1}}
{"phase":"continuous-playback","ended":false,"sample":{"wall":661666.5,"time":659.933586,"readyState":4,"paused":false,"seeking":false,"rate":1,"muted":false,"volume":1}}
{"phase":"continuous-playback","ended":false,"sample":{"wall":666666.8000001907,"time":664.93392,"readyState":4,"paused":false,"seeking":false,"rate":1,"muted":false,"volume":1}}
{"phase":"continuous-playback","ended":false,"sample":{"wall":671666.2000000477,"time":669.933378,"readyState":4,"paused":false,"seeking":false,"rate":1,"muted":false,"volume":1}}
{"phase":"continuous-playback","ended":false,"sample":{"wall":676666.8000001907,"time":674.934042,"readyState":4,"paused":false,"seeking":false,"rate":1,"muted":false,"volume":1}}
{"phase":"continuous-playback","ended":false,"sample":{"wall":681666.7000000477,"time":679.933961,"readyState":4,"paused":false,"seeking":false,"rate":1,"muted":false,"volume":1}}
{"phase":"continuous-playback","ended":true,"sample":{"wall":686668,"time":683.766417,"readyState":4,"paused":true,"seeking":false,"rate":1,"muted":false,"volume":1}}
{"status":"browser-observation-pass","summary":{"passed":true,"wallSeconds":685.2801999998093,"mediaSeconds":683.766417,"totalFrames":16391,"droppedFrames":0,"disruptiveEvents":[],"frameCallbacks":16393,"maxFrameGapMs":83.5,"limits":{"maximumDropFraction":0.01,"maximumFrameGapMs":500,"maximumSlowdownFraction":0.02},"humanListeningClaimed":false,"headlessBrowserAudioOutputMuted":true},"elapsedSeconds":687.27,"output":"/private/tmp/sniper-native-frame-transport-20260909.wsUupP/corrected-browser-whole-v2.browser.json"}
