
◆  Rendering native-presenter-v1 → /private/tmp/sniper-c0679-produced-review-20260909.FCYcRv/native-presenter-v1/renders/full-native-high-v2-stream.mp4
   24000/1001fps · high · 4 workers
   GPU: browser GPU (auto-detect)

[?25l│
◇  Browser: env
[?25h/bin/sh: /bin/ps: Operation not permitted
/bin/sh: /bin/ps: Operation not permitted
/bin/sh: /bin/ps: Operation not permitted
/bin/sh: /bin/ps: Operation not permitted
/bin/sh: /bin/ps: Operation not permitted
/bin/sh: /bin/ps: Operation not permitted
/bin/sh: /bin/ps: Operation not permitted
/bin/sh: /bin/ps: Operation not permitted
/bin/sh: /bin/ps: Operation not permitted
/bin/sh: /bin/ps: Operation not permitted
/bin/sh: /bin/ps: Operation not permitted
/bin/sh: /bin/ps: Operation not permitted
/bin/sh: /bin/ps: Operation not permitted
/bin/sh: /bin/ps: Operation not permitted
/bin/sh: /bin/ps: Operation not permitted
/bin/sh: /bin/ps: Operation not permitted
/bin/sh: /bin/ps: Operation not permitted
/bin/sh: /bin/ps: Operation not permitted
/bin/sh: /bin/ps: Operation not permitted
/bin/sh: /bin/ps: Operation not permitted
/bin/sh: /bin/ps: Operation not permitted
/bin/sh: /bin/ps: Operation not permitted
/bin/sh: /bin/ps: Operation not permitted
/bin/sh: /bin/ps: Operation not permitted
/bin/sh: /bin/ps: Operation not permitted
/bin/sh: /bin/ps: Operation not permitted
/bin/sh: /bin/ps: Operation not permitted
/bin/sh: /bin/ps: Operation not permitted
/bin/sh: /bin/ps: Operation not permitted
/bin/sh: /bin/ps: Operation not permitted
/bin/sh: /bin/ps: Operation not permitted
/bin/sh: /bin/ps: Operation not permitted
/bin/sh: /bin/ps: Operation not permitted
/bin/sh: /bin/ps: Operation not permitted
/bin/sh: /bin/ps: Operation not permitted
/bin/sh: /bin/ps: Operation not permitted
/bin/sh: /bin/ps: Operation not permitted
/bin/sh: /bin/ps: Operation not permitted
/bin/sh: /bin/ps: Operation not permitted
/bin/sh: /bin/ps: Operation not permitted
/bin/sh: /bin/ps: Operation not permitted
/bin/sh: /bin/ps: Operation not permitted
/bin/sh: /bin/ps: Operation not permitted
/bin/sh: /bin/ps: Operation not permitted
/bin/sh: /bin/ps: Operation not permitted
/bin/sh: /bin/ps: Operation not permitted
/bin/sh: /bin/ps: Operation not permitted
/bin/sh: /bin/ps: Operation not permitted
/bin/sh: /bin/ps: Operation not permitted
/bin/sh: /bin/ps: Operation not permitted
/bin/sh: /bin/ps: Operation not permitted
/bin/sh: /bin/ps: Operation not permitted
/bin/sh: /bin/ps: Operation not permitted
/bin/sh: /bin/ps: Operation not permitted
/bin/sh: /bin/ps: Operation not permitted
/bin/sh: /bin/ps: Operation not permitted
/bin/sh: /bin/ps: Operation not permitted
/bin/sh: /bin/ps: Operation not permitted
/bin/sh: /bin/ps: Operation not permitted
/bin/sh: /bin/ps: Operation not permitted
/bin/sh: /bin/ps: Operation not permitted
/bin/sh: /bin/ps: Operation not permitted
/bin/sh: /bin/ps: Operation not permitted
/bin/sh: /bin/ps: Operation not permitted
/bin/sh: /bin/ps: Operation not permitted
/bin/sh: /bin/ps: Operation not permitted
/bin/sh: /bin/ps: Operation not permitted
/bin/sh: /bin/ps: Operation not permitted
/bin/sh: /bin/ps: Operation not permitted
/bin/sh: /bin/ps: Operation not permitted
[INFO] [Render] Pipeline started {"renderJobId":"1966f301-2672-4850-a4c6-4a02559e5255","platform":"darwin","arch":"arm64","nodeVersion":"v23.10.0","fps":{"num":24000,"den":1001},"format":"mp4","quality":"high","browserGpuMode":"auto","forceScreenshot":false,"protocolTimeout":300000,"browserTimeout":120000,"pageNavigationTimeout":60000,"playerReadyTimeout":45000}
[INFO] [Render:trace] {"renderJobId":"1966f301-2672-4850-a4c6-4a02559e5255","phase":"pipeline","status":"checkpoint","elapsedMs":3,"message":"started","format":"mp4","quality":"high","browserGpuMode":"auto","forceScreenshot":false,"protocolTimeoutMs":300000,"pageNavigationTimeoutMs":60000,"playerReadyTimeoutMs":45000,"requestedWorkers":4}
[INFO] [Render:trace] {"renderJobId":"1966f301-2672-4850-a4c6-4a02559e5255","phase":"compile","status":"start","elapsedMs":5,"needsAlpha":false}
  █░░░░░░░░░░░░░░░░░░░░░░░░  5%  Compiling composition
[INFO] [Compiler] Injected deterministic @font-face rules for 2 requested font families
[INFO] Compiled composition metadata {"renderJobId":"1966f301-2672-4850-a4c6-4a02559e5255","entryFile":"index.html","staticDuration":683.7664166666667,"width":1920,"height":1080,"videoCount":1,"audioCount":1,"renderModeHints":{"recommendScreenshot":false,"reasons":[]}}
[INFO] [Render:trace] {"renderJobId":"1966f301-2672-4850-a4c6-4a02559e5255","phase":"compile","status":"end","elapsedMs":334,"durationMs":329,"needsAlpha":false}
[INFO] [Render:trace] {"renderJobId":"1966f301-2672-4850-a4c6-4a02559e5255","phase":"compile","status":"checkpoint","elapsedMs":334,"message":"composition metadata resolved","width":1920,"height":1080,"videoCount":1,"audioCount":1,"imageCount":3,"deviceScaleFactor":1,"forceScreenshot":false,"compositionHash":"b49e016c762e2150"}
[INFO] [Render:trace] {"renderJobId":"1966f301-2672-4850-a4c6-4a02559e5255","phase":"browser_probe","status":"start","elapsedMs":335,"forceScreenshot":false,"stagePhase":"calibrating"}
[INFO] [Render:trace] {"renderJobId":"1966f301-2672-4850-a4c6-4a02559e5255","phase":"browser_probe","status":"end","elapsedMs":350,"durationMs":15,"forceScreenshot":false,"stagePhase":"calibrating"}
[INFO] [Render:trace] {"renderJobId":"1966f301-2672-4850-a4c6-4a02559e5255","phase":"browser_probe","status":"checkpoint","elapsedMs":350,"message":"duration resolved","durationSeconds":683.7664166666667,"totalFrames":16394,"compositionHash":"b49e016c762e2150","beginFrameStalled":false}
[INFO] [Render:trace] {"renderJobId":"1966f301-2672-4850-a4c6-4a02559e5255","phase":"video_extract","status":"start","elapsedMs":350,"videoCount":1}
[INFO] Probing video color spaces... {"renderJobId":"1966f301-2672-4850-a4c6-4a02559e5255","videoCount":1}
  ██░░░░░░░░░░░░░░░░░░░░░░░  10%  Extracting video frames
[INFO] Extracting frames from video 1/1 {"renderJobId":"1966f301-2672-4850-a4c6-4a02559e5255","sourceType":"local"}
[INFO] [Render:trace] {"renderJobId":"1966f301-2672-4850-a4c6-4a02559e5255","phase":"video_extract","status":"end","elapsedMs":434,"durationMs":84,"videoCount":1}
[INFO] [Render:trace] {"renderJobId":"1966f301-2672-4850-a4c6-4a02559e5255","phase":"video_extract","status":"checkpoint","elapsedMs":438,"message":"frames resolved","videoCount":1,"extractedVideoCount":1,"totalFramesExtracted":16394,"maxFramesPerVideo":16394,"avgFramesPerExtractedVideo":16394,"vfrPreflightCount":0,"vfrPreflightMs":0,"cacheHits":1,"cacheMisses":0,"transientRetries":0,"minVideoFrameCoverageRatio":1,"authoredTimedClipCount":3}
[INFO] [Render] No HDR sources detected — rendering SDR {"renderJobId":"1966f301-2672-4850-a4c6-4a02559e5255"}
[INFO] [Render:trace] {"renderJobId":"1966f301-2672-4850-a4c6-4a02559e5255","phase":"hdr_detection","status":"checkpoint","elapsedMs":438,"message":"resolved","requestedHdrMode":"auto","effectiveHdr":"sdr","nativeHdrVideoCount":0,"nativeHdrImageCount":0}
[INFO] [Render:trace] {"renderJobId":"1966f301-2672-4850-a4c6-4a02559e5255","phase":"audio_process","status":"start","elapsedMs":438,"audioCount":1}
  █████░░░░░░░░░░░░░░░░░░░░  20%  Processing audio tracks
[WARN] [Compiler] WARNING: Video "presenter" has sparse keyframes (max interval: 10.43s). This causes seek failures and frame freezing. Re-encode with: ffmpeg -i "assets/presenter-full.mp4" -c:v libx264 -r 30 -g 30 -keyint_min 30 -movflags +faststart -c:a copy output.mp4
[INFO] [Render:trace] {"renderJobId":"1966f301-2672-4850-a4c6-4a02559e5255","phase":"audio_process","status":"end","elapsedMs":19003,"durationMs":18565,"audioCount":1}
[INFO] [Render:trace] {"renderJobId":"1966f301-2672-4850-a4c6-4a02559e5255","phase":"file_server","status":"start","elapsedMs":19003,"reused":false}
  ██████░░░░░░░░░░░░░░░░░░░  25%  Starting frame capture
[INFO] [Render:trace] {"renderJobId":"1966f301-2672-4850-a4c6-4a02559e5255","phase":"file_server","status":"end","elapsedMs":19006,"durationMs":3}
[hyperframes] browserGpuMode probe → hardware (WebGL renderer vendor="Google Inc. (Apple)" renderer="ANGLE (Apple, ANGLE Metal Renderer: Apple M3 Max, Unspecified Version)")
[INFO] [Render:trace] {"renderJobId":"1966f301-2672-4850-a4c6-4a02559e5255","phase":"capture_calibration","status":"checkpoint","elapsedMs":19381,"message":"skipped","requestedWorkers":4,"totalFrames":16394,"htmlInCanvasDetected":false,"lowMemoryMode":false,"deInversionEligible":false,"deParallelRouterEligible":false}
[INFO] [Render:trace] {"renderJobId":"1966f301-2672-4850-a4c6-4a02559e5255","phase":"worker_resolution","status":"checkpoint","elapsedMs":19382,"message":"resolved","workerCount":4}
[INFO] [Render] Parallel screenshot capture will stream to the encoder (interleaved, 4 workers) instead of the disk path. Set HF_CAPTURE_PARALLEL_STREAM=false to disable. {"renderJobId":"1966f301-2672-4850-a4c6-4a02559e5255"}
[INFO] [Render:trace] {"renderJobId":"1966f301-2672-4850-a4c6-4a02559e5255","phase":"worker_resolution","status":"checkpoint","elapsedMs":19382,"message":"parallel screenshot capture routed to streaming"}
[INFO] streaming-encode gate {"renderJobId":"1966f301-2672-4850-a4c6-4a02559e5255","enabled":true,"configFlag":true,"outputFormat":"mp4","workerCount":4,"durationSeconds":683.7664166666667,"maxDurationSeconds":900}
[INFO] [Render:trace] {"renderJobId":"1966f301-2672-4850-a4c6-4a02559e5255","phase":"capture_strategy","status":"checkpoint","elapsedMs":19382,"message":"resolved","workerCount":4,"forceScreenshot":false,"captureBeyondViewport":true,"useStreamingEncode":true,"useLayeredComposite":false,"usePageSideCompositing":false,"hasHdrContent":false,"hasShaderTransitions":false,"isPngSequence":false}
[INFO] [Render:trace] {"renderJobId":"1966f301-2672-4850-a4c6-4a02559e5255","phase":"capture_streaming","status":"start","elapsedMs":19382,"stagePhase":"capturing","workerCount":4,"forceScreenshot":false,"totalFrames":16394,"framesCompleted":0,"captureMode":"beginframe","captureOperation":"beginFrame"}
[BrowserManager] Browser launched (HeadlessChrome/152.0.7928.2, screenshot, gl=--use-gl=angle --use-angle=metal, headlessShell=true, platform=darwin)
[BrowserManager] Browser launched (HeadlessChrome/152.0.7928.2, screenshot, gl=--use-gl=angle --use-angle=metal, headlessShell=true, platform=darwin)
[BrowserManager] Browser launched (HeadlessChrome/152.0.7928.2, screenshot, gl=--use-gl=angle --use-angle=metal, headlessShell=true, platform=darwin)
[BrowserManager] Browser launched (HeadlessChrome/152.0.7928.2, screenshot, gl=--use-gl=angle --use-angle=metal, headlessShell=true, platform=darwin)
[initSession:screenshot] page.goto start (0ms)
[initSession:screenshot] page.goto start (0ms)
[initSession:screenshot] page.goto start (0ms)
[initSession:screenshot] page.goto start (0ms)
[HyperFrames] render runtime fps [object Object]
[HyperFrames] render runtime fps [object Object]
[HyperFrames] render runtime fps [object Object]
[HyperFrames] render runtime fps [object Object]
[initSession:screenshot] page.goto complete (1839ms)
[initSession:screenshot] page.goto complete (2069ms)
[initSession:screenshot] page.goto complete (2080ms)
[initSession:screenshot] page.goto complete (2083ms)
[initSession:screenshot] GSAP proxy flush complete (2329ms)
[initSession:screenshot] GSAP proxy flush complete (2379ms)
[initSession:screenshot] pollHfReady complete (2384ms)
[initSession:screenshot] pollHfReady complete (2393ms)
[initSession:screenshot] GSAP proxy flush complete (2396ms)
[initSession:screenshot] pollSubCompositionTimelines complete (ready) (2397ms)
[initSession:screenshot] applyVideoMetadataHints complete (2407ms)
[initSession:screenshot] pollSubCompositionTimelines complete (ready) (2428ms)
[initSession:screenshot] GSAP proxy flush complete (2431ms)
[initSession:screenshot] media + fonts + tailwind ready (2435ms)
[initSession:screenshot] applyVideoMetadataHints complete (2436ms)
[initSession:screenshot] media + fonts + tailwind ready (2452ms)
[initSession:screenshot] captureBeyondViewport downgraded: page content fits the capture viewport (2469ms)
[initSession:screenshot] static-frame dedup: disabled (before-capture hook / video injection active) (2472ms)
[initSession:screenshot] captureBeyondViewport downgraded: page content fits the capture viewport (2504ms)
[initSession:screenshot] static-frame dedup: disabled (before-capture hook / video injection active) (2504ms)
[initSession:screenshot] pollHfReady complete (2522ms)
[initSession:screenshot] pollSubCompositionTimelines complete (ready) (2630ms)
[initSession:screenshot] applyVideoMetadataHints complete (2632ms)
[initSession:screenshot] pollHfReady complete (2632ms)
[initSession:screenshot] media + fonts + tailwind ready (2636ms)
[initSession:screenshot] captureBeyondViewport downgraded: page content fits the capture viewport (2679ms)
[initSession:screenshot] static-frame dedup: disabled (before-capture hook / video injection active) (2679ms)
[initSession:screenshot] pollSubCompositionTimelines complete (ready) (2693ms)
[initSession:screenshot] applyVideoMetadataHints complete (2694ms)
[initSession:screenshot] media + fonts + tailwind ready (2775ms)
[initSession:screenshot] captureBeyondViewport downgraded: page content fits the capture viewport (2800ms)
[initSession:screenshot] static-frame dedup: disabled (before-capture hook / video injection active) (2800ms)
  ██████░░░░░░░░░░░░░░░░░░░  25%  Streaming frame 30/16394 (4 workers)
  ██████░░░░░░░░░░░░░░░░░░░  25%  Streaming frame 60/16394 (4 workers)
  ██████░░░░░░░░░░░░░░░░░░░  25%  Streaming frame 90/16394 (4 workers)
  ██████░░░░░░░░░░░░░░░░░░░  25%  Streaming frame 120/16394 (4 workers)
  ██████░░░░░░░░░░░░░░░░░░░  26%  Streaming frame 150/16394 (4 workers)
  ██████░░░░░░░░░░░░░░░░░░░  26%  Streaming frame 180/16394 (4 workers)
  ██████░░░░░░░░░░░░░░░░░░░  26%  Streaming frame 210/16394 (4 workers)
  ██████░░░░░░░░░░░░░░░░░░░  26%  Streaming frame 240/16394 (4 workers)
  ██████░░░░░░░░░░░░░░░░░░░  26%  Streaming frame 270/16394 (4 workers)
[INFO] [Render:trace] {"renderJobId":"1966f301-2672-4850-a4c6-4a02559e5255","phase":"capture_streaming","status":"checkpoint","elapsedMs":49420,"message":"stage still running","stagePhase":"capturing","workerCount":4,"forceScreenshot":false,"totalFrames":16394,"framesCompleted":292,"captureMode":"beginframe","captureOperation":"beginFrame","heartbeatIndex":1,"stageElapsedMs":30038}
  ██████░░░░░░░░░░░░░░░░░░░  26%  Streaming frame 300/16394 (4 workers)
  ██████░░░░░░░░░░░░░░░░░░░  26%  Streaming frame 330/16394 (4 workers)
  ██████░░░░░░░░░░░░░░░░░░░  26%  Streaming frame 360/16394 (4 workers)
  ██████░░░░░░░░░░░░░░░░░░░  26%  Streaming frame 390/16394 (4 workers)
  ██████░░░░░░░░░░░░░░░░░░░  26%  Streaming frame 420/16394 (4 workers)
  ██████░░░░░░░░░░░░░░░░░░░  27%  Streaming frame 450/16394 (4 workers)
  ██████░░░░░░░░░░░░░░░░░░░  27%  Streaming frame 480/16394 (4 workers)
  ██████░░░░░░░░░░░░░░░░░░░  27%  Streaming frame 510/16394 (4 workers)
  ██████░░░░░░░░░░░░░░░░░░░  27%  Streaming frame 540/16394 (4 workers)
  ██████░░░░░░░░░░░░░░░░░░░  27%  Streaming frame 570/16394 (4 workers)
  ██████░░░░░░░░░░░░░░░░░░░  27%  Streaming frame 600/16394 (4 workers)
[INFO] [Render:trace] {"renderJobId":"1966f301-2672-4850-a4c6-4a02559e5255","phase":"capture_streaming","status":"checkpoint","elapsedMs":79443,"message":"stage still running","stagePhase":"capturing","workerCount":4,"forceScreenshot":false,"totalFrames":16394,"framesCompleted":615,"captureMode":"beginframe","captureOperation":"beginFrame","heartbeatIndex":2,"stageElapsedMs":60061}
  ██████░░░░░░░░░░░░░░░░░░░  27%  Streaming frame 630/16394 (4 workers)
  ██████░░░░░░░░░░░░░░░░░░░  27%  Streaming frame 660/16394 (4 workers)
  ██████░░░░░░░░░░░░░░░░░░░  27%  Streaming frame 690/16394 (4 workers)
  ██████░░░░░░░░░░░░░░░░░░░  27%  Streaming frame 720/16394 (4 workers)
  ███████░░░░░░░░░░░░░░░░░░  28%  Streaming frame 750/16394 (4 workers)
  ███████░░░░░░░░░░░░░░░░░░  28%  Streaming frame 780/16394 (4 workers)
  ███████░░░░░░░░░░░░░░░░░░  28%  Streaming frame 810/16394 (4 workers)
  ███████░░░░░░░░░░░░░░░░░░  28%  Streaming frame 840/16394 (4 workers)
  ███████░░░░░░░░░░░░░░░░░░  28%  Streaming frame 870/16394 (4 workers)
  ███████░░░░░░░░░░░░░░░░░░  28%  Streaming frame 900/16394 (4 workers)
  ███████░░░░░░░░░░░░░░░░░░  28%  Streaming frame 930/16394 (4 workers)
  ███████░░░░░░░░░░░░░░░░░░  28%  Streaming frame 960/16394 (4 workers)
  ███████░░░░░░░░░░░░░░░░░░  28%  Streaming frame 990/16394 (4 workers)
  ███████░░░░░░░░░░░░░░░░░░  28%  Streaming frame 1020/16394 (4 workers)
  ███████░░░░░░░░░░░░░░░░░░  29%  Streaming frame 1050/16394 (4 workers)
  ███████░░░░░░░░░░░░░░░░░░  29%  Streaming frame 1080/16394 (4 workers)
  ███████░░░░░░░░░░░░░░░░░░  29%  Streaming frame 1110/16394 (4 workers)
  ███████░░░░░░░░░░░░░░░░░░  29%  Streaming frame 1140/16394 (4 workers)
  ███████░░░░░░░░░░░░░░░░░░  29%  Streaming frame 1170/16394 (4 workers)
  ███████░░░░░░░░░░░░░░░░░░  29%  Streaming frame 1200/16394 (4 workers)
  ███████░░░░░░░░░░░░░░░░░░  29%  Streaming frame 1230/16394 (4 workers)
[INFO] [Render:trace] {"renderJobId":"1966f301-2672-4850-a4c6-4a02559e5255","phase":"capture_streaming","status":"checkpoint","elapsedMs":139465,"message":"stage still running","stagePhase":"capturing","workerCount":4,"forceScreenshot":false,"totalFrames":16394,"framesCompleted":1250,"captureMode":"beginframe","captureOperation":"beginFrame","heartbeatIndex":3,"stageElapsedMs":120083}
  ███████░░░░░░░░░░░░░░░░░░  29%  Streaming frame 1260/16394 (4 workers)
  ███████░░░░░░░░░░░░░░░░░░  29%  Streaming frame 1290/16394 (4 workers)
  ███████░░░░░░░░░░░░░░░░░░  29%  Streaming frame 1320/16394 (4 workers)
  ███████░░░░░░░░░░░░░░░░░░  30%  Streaming frame 1350/16394 (4 workers)
  ███████░░░░░░░░░░░░░░░░░░  30%  Streaming frame 1380/16394 (4 workers)
  ███████░░░░░░░░░░░░░░░░░░  30%  Streaming frame 1410/16394 (4 workers)
  ███████░░░░░░░░░░░░░░░░░░  30%  Streaming frame 1440/16394 (4 workers)
  ███████░░░░░░░░░░░░░░░░░░  30%  Streaming frame 1470/16394 (4 workers)
  ███████░░░░░░░░░░░░░░░░░░  30%  Streaming frame 1500/16394 (4 workers)
  ███████░░░░░░░░░░░░░░░░░░  30%  Streaming frame 1530/16394 (4 workers)
  ███████░░░░░░░░░░░░░░░░░░  30%  Streaming frame 1560/16394 (4 workers)
  ███████░░░░░░░░░░░░░░░░░░  30%  Streaming frame 1590/16394 (4 workers)
  ███████░░░░░░░░░░░░░░░░░░  30%  Streaming frame 1620/16394 (4 workers)
  ███████░░░░░░░░░░░░░░░░░░  31%  Streaming frame 1650/16394 (4 workers)
  ███████░░░░░░░░░░░░░░░░░░  31%  Streaming frame 1680/16394 (4 workers)
  ███████░░░░░░░░░░░░░░░░░░  31%  Streaming frame 1710/16394 (4 workers)
  ███████░░░░░░░░░░░░░░░░░░  31%  Streaming frame 1740/16394 (4 workers)
  ███████░░░░░░░░░░░░░░░░░░  31%  Streaming frame 1770/16394 (4 workers)
  ███████░░░░░░░░░░░░░░░░░░  31%  Streaming frame 1800/16394 (4 workers)
  ███████░░░░░░░░░░░░░░░░░░  31%  Streaming frame 1830/16394 (4 workers)
  ███████░░░░░░░░░░░░░░░░░░  31%  Streaming frame 1860/16394 (4 workers)
  ███████░░░░░░░░░░░░░░░░░░  31%  Streaming frame 1890/16394 (4 workers)
  ███████░░░░░░░░░░░░░░░░░░  31%  Streaming frame 1920/16394 (4 workers)
  ████████░░░░░░░░░░░░░░░░░  32%  Streaming frame 1950/16394 (4 workers)
  ████████░░░░░░░░░░░░░░░░░  32%  Streaming frame 1980/16394 (4 workers)
  ████████░░░░░░░░░░░░░░░░░  32%  Streaming frame 2010/16394 (4 workers)
  ████████░░░░░░░░░░░░░░░░░  32%  Streaming frame 2040/16394 (4 workers)
  ████████░░░░░░░░░░░░░░░░░  32%  Streaming frame 2070/16394 (4 workers)
  ████████░░░░░░░░░░░░░░░░░  32%  Streaming frame 2100/16394 (4 workers)
  ████████░░░░░░░░░░░░░░░░░  32%  Streaming frame 2130/16394 (4 workers)
  ████████░░░░░░░░░░░░░░░░░  32%  Streaming frame 2160/16394 (4 workers)
  ████████░░░░░░░░░░░░░░░░░  32%  Streaming frame 2190/16394 (4 workers)
  ████████░░░░░░░░░░░░░░░░░  32%  Streaming frame 2220/16394 (4 workers)
  ████████░░░░░░░░░░░░░░░░░  33%  Streaming frame 2250/16394 (4 workers)
  ████████░░░░░░░░░░░░░░░░░  33%  Streaming frame 2280/16394 (4 workers)
  ████████░░░░░░░░░░░░░░░░░  33%  Streaming frame 2310/16394 (4 workers)
  ████████░░░░░░░░░░░░░░░░░  33%  Streaming frame 2340/16394 (4 workers)
  ████████░░░░░░░░░░░░░░░░░  33%  Streaming frame 2370/16394 (4 workers)
  ████████░░░░░░░░░░░░░░░░░  33%  Streaming frame 2400/16394 (4 workers)
  ████████░░░░░░░░░░░░░░░░░  33%  Streaming frame 2430/16394 (4 workers)
  ████████░░░░░░░░░░░░░░░░░  33%  Streaming frame 2460/16394 (4 workers)
  ████████░░░░░░░░░░░░░░░░░  33%  Streaming frame 2490/16394 (4 workers)
  ████████░░░░░░░░░░░░░░░░░  33%  Streaming frame 2520/16394 (4 workers)
  ████████░░░░░░░░░░░░░░░░░  34%  Streaming frame 2550/16394 (4 workers)
[INFO] [Render:trace] {"renderJobId":"1966f301-2672-4850-a4c6-4a02559e5255","phase":"capture_streaming","status":"checkpoint","elapsedMs":259482,"message":"stage still running","stagePhase":"capturing","workerCount":4,"forceScreenshot":false,"totalFrames":16394,"framesCompleted":2550,"captureMode":"beginframe","captureOperation":"beginFrame","heartbeatIndex":4,"stageElapsedMs":240100}
  ████████░░░░░░░░░░░░░░░░░  34%  Streaming frame 2580/16394 (4 workers)
  ████████░░░░░░░░░░░░░░░░░  34%  Streaming frame 2610/16394 (4 workers)
  ████████░░░░░░░░░░░░░░░░░  34%  Streaming frame 2640/16394 (4 workers)
  ████████░░░░░░░░░░░░░░░░░  34%  Streaming frame 2670/16394 (4 workers)
  ████████░░░░░░░░░░░░░░░░░  34%  Streaming frame 2700/16394 (4 workers)
  ████████░░░░░░░░░░░░░░░░░  34%  Streaming frame 2730/16394 (4 workers)
  ████████░░░░░░░░░░░░░░░░░  34%  Streaming frame 2760/16394 (4 workers)
  ████████░░░░░░░░░░░░░░░░░  34%  Streaming frame 2790/16394 (4 workers)
  ████████░░░░░░░░░░░░░░░░░  34%  Streaming frame 2820/16394 (4 workers)
  ████████░░░░░░░░░░░░░░░░░  35%  Streaming frame 2850/16394 (4 workers)
  ████████░░░░░░░░░░░░░░░░░  35%  Streaming frame 2880/16394 (4 workers)
  ████████░░░░░░░░░░░░░░░░░  35%  Streaming frame 2910/16394 (4 workers)
  ████████░░░░░░░░░░░░░░░░░  35%  Streaming frame 2940/16394 (4 workers)
  ████████░░░░░░░░░░░░░░░░░  35%  Streaming frame 2970/16394 (4 workers)
  ████████░░░░░░░░░░░░░░░░░  35%  Streaming frame 3000/16394 (4 workers)
  ████████░░░░░░░░░░░░░░░░░  35%  Streaming frame 3030/16394 (4 workers)
  ████████░░░░░░░░░░░░░░░░░  35%  Streaming frame 3060/16394 (4 workers)
  ████████░░░░░░░░░░░░░░░░░  35%  Streaming frame 3090/16394 (4 workers)
  ████████░░░░░░░░░░░░░░░░░  35%  Streaming frame 3120/16394 (4 workers)
  █████████░░░░░░░░░░░░░░░░  36%  Streaming frame 3150/16394 (4 workers)
  █████████░░░░░░░░░░░░░░░░  36%  Streaming frame 3180/16394 (4 workers)
  █████████░░░░░░░░░░░░░░░░  36%  Streaming frame 3210/16394 (4 workers)
  █████████░░░░░░░░░░░░░░░░  36%  Streaming frame 3240/16394 (4 workers)
  █████████░░░░░░░░░░░░░░░░  36%  Streaming frame 3270/16394 (4 workers)
  █████████░░░░░░░░░░░░░░░░  36%  Streaming frame 3300/16394 (4 workers)
  █████████░░░░░░░░░░░░░░░░  36%  Streaming frame 3330/16394 (4 workers)
  █████████░░░░░░░░░░░░░░░░  36%  Streaming frame 3360/16394 (4 workers)
  █████████░░░░░░░░░░░░░░░░  36%  Streaming frame 3390/16394 (4 workers)
  █████████░░░░░░░░░░░░░░░░  36%  Streaming frame 3420/16394 (4 workers)
  █████████░░░░░░░░░░░░░░░░  37%  Streaming frame 3450/16394 (4 workers)
  █████████░░░░░░░░░░░░░░░░  37%  Streaming frame 3480/16394 (4 workers)
  █████████░░░░░░░░░░░░░░░░  37%  Streaming frame 3510/16394 (4 workers)
  █████████░░░░░░░░░░░░░░░░  37%  Streaming frame 3540/16394 (4 workers)
  █████████░░░░░░░░░░░░░░░░  37%  Streaming frame 3570/16394 (4 workers)
  █████████░░░░░░░░░░░░░░░░  37%  Streaming frame 3600/16394 (4 workers)
[INFO] [Render:trace] {"renderJobId":"1966f301-2672-4850-a4c6-4a02559e5255","phase":"capture_streaming","status":"checkpoint","elapsedMs":379486,"message":"stage still running","stagePhase":"capturing","workerCount":4,"forceScreenshot":false,"totalFrames":16394,"framesCompleted":3607,"captureMode":"beginframe","captureOperation":"beginFrame","heartbeatIndex":5,"stageElapsedMs":360104}
  █████████░░░░░░░░░░░░░░░░  37%  Streaming frame 3630/16394 (4 workers)
  █████████░░░░░░░░░░░░░░░░  37%  Streaming frame 3660/16394 (4 workers)
  █████████░░░░░░░░░░░░░░░░  37%  Streaming frame 3690/16394 (4 workers)
  █████████░░░░░░░░░░░░░░░░  37%  Streaming frame 3720/16394 (4 workers)
  █████████░░░░░░░░░░░░░░░░  38%  Streaming frame 3750/16394 (4 workers)
  █████████░░░░░░░░░░░░░░░░  38%  Streaming frame 3780/16394 (4 workers)
  █████████░░░░░░░░░░░░░░░░  38%  Streaming frame 3810/16394 (4 workers)
  █████████░░░░░░░░░░░░░░░░  38%  Streaming frame 3840/16394 (4 workers)
  █████████░░░░░░░░░░░░░░░░  38%  Streaming frame 3870/16394 (4 workers)
  █████████░░░░░░░░░░░░░░░░  38%  Streaming frame 3900/16394 (4 workers)
  █████████░░░░░░░░░░░░░░░░  38%  Streaming frame 3930/16394 (4 workers)
  █████████░░░░░░░░░░░░░░░░  38%  Streaming frame 3960/16394 (4 workers)
  █████████░░░░░░░░░░░░░░░░  38%  Streaming frame 3990/16394 (4 workers)
  █████████░░░░░░░░░░░░░░░░  38%  Streaming frame 4020/16394 (4 workers)
  █████████░░░░░░░░░░░░░░░░  39%  Streaming frame 4050/16394 (4 workers)
  █████████░░░░░░░░░░░░░░░░  39%  Streaming frame 4080/16394 (4 workers)
  █████████░░░░░░░░░░░░░░░░  39%  Streaming frame 4110/16394 (4 workers)
  █████████░░░░░░░░░░░░░░░░  39%  Streaming frame 4140/16394 (4 workers)
  █████████░░░░░░░░░░░░░░░░  39%  Streaming frame 4170/16394 (4 workers)
  █████████░░░░░░░░░░░░░░░░  39%  Streaming frame 4200/16394 (4 workers)
  █████████░░░░░░░░░░░░░░░░  39%  Streaming frame 4230/16394 (4 workers)
  █████████░░░░░░░░░░░░░░░░  39%  Streaming frame 4260/16394 (4 workers)
  █████████░░░░░░░░░░░░░░░░  39%  Streaming frame 4290/16394 (4 workers)
  █████████░░░░░░░░░░░░░░░░  39%  Streaming frame 4320/16394 (4 workers)
  ██████████░░░░░░░░░░░░░░░  40%  Streaming frame 4350/16394 (4 workers)
  ██████████░░░░░░░░░░░░░░░  40%  Streaming frame 4380/16394 (4 workers)
  ██████████░░░░░░░░░░░░░░░  40%  Streaming frame 4410/16394 (4 workers)
  ██████████░░░░░░░░░░░░░░░  40%  Streaming frame 4440/16394 (4 workers)
  ██████████░░░░░░░░░░░░░░░  40%  Streaming frame 4470/16394 (4 workers)
  ██████████░░░░░░░░░░░░░░░  40%  Streaming frame 4500/16394 (4 workers)
  ██████████░░░░░░░░░░░░░░░  40%  Streaming frame 4530/16394 (4 workers)
  ██████████░░░░░░░░░░░░░░░  40%  Streaming frame 4560/16394 (4 workers)
  ██████████░░░░░░░░░░░░░░░  40%  Streaming frame 4590/16394 (4 workers)
  ██████████░░░░░░░░░░░░░░░  40%  Streaming frame 4620/16394 (4 workers)
  ██████████░░░░░░░░░░░░░░░  41%  Streaming frame 4650/16394 (4 workers)
  ██████████░░░░░░░░░░░░░░░  41%  Streaming frame 4680/16394 (4 workers)
  ██████████░░░░░░░░░░░░░░░  41%  Streaming frame 4710/16394 (4 workers)
  ██████████░░░░░░░░░░░░░░░  41%  Streaming frame 4740/16394 (4 workers)
  ██████████░░░░░░░░░░░░░░░  41%  Streaming frame 4770/16394 (4 workers)
  ██████████░░░░░░░░░░░░░░░  41%  Streaming frame 4800/16394 (4 workers)
  ██████████░░░░░░░░░░░░░░░  41%  Streaming frame 4830/16394 (4 workers)
[INFO] [Render:trace] {"renderJobId":"1966f301-2672-4850-a4c6-4a02559e5255","phase":"capture_streaming","status":"checkpoint","elapsedMs":499493,"message":"stage still running","stagePhase":"capturing","workerCount":4,"forceScreenshot":false,"totalFrames":16394,"framesCompleted":4831,"captureMode":"beginframe","captureOperation":"beginFrame","heartbeatIndex":6,"stageElapsedMs":480111}
  ██████████░░░░░░░░░░░░░░░  41%  Streaming frame 4860/16394 (4 workers)
  ██████████░░░░░░░░░░░░░░░  41%  Streaming frame 4890/16394 (4 workers)
  ██████████░░░░░░░░░░░░░░░  42%  Streaming frame 4920/16394 (4 workers)
  ██████████░░░░░░░░░░░░░░░  42%  Streaming frame 4950/16394 (4 workers)
  ██████████░░░░░░░░░░░░░░░  42%  Streaming frame 4980/16394 (4 workers)
  ██████████░░░░░░░░░░░░░░░  42%  Streaming frame 5010/16394 (4 workers)
  ██████████░░░░░░░░░░░░░░░  42%  Streaming frame 5040/16394 (4 workers)
  ██████████░░░░░░░░░░░░░░░  42%  Streaming frame 5070/16394 (4 workers)
  ██████████░░░░░░░░░░░░░░░  42%  Streaming frame 5100/16394 (4 workers)
  ██████████░░░░░░░░░░░░░░░  42%  Streaming frame 5130/16394 (4 workers)
  ██████████░░░░░░░░░░░░░░░  42%  Streaming frame 5160/16394 (4 workers)
  ██████████░░░░░░░░░░░░░░░  42%  Streaming frame 5190/16394 (4 workers)
  ██████████░░░░░░░░░░░░░░░  43%  Streaming frame 5220/16394 (4 workers)
  ██████████░░░░░░░░░░░░░░░  43%  Streaming frame 5250/16394 (4 workers)
  ██████████░░░░░░░░░░░░░░░  43%  Streaming frame 5280/16394 (4 workers)
  ██████████░░░░░░░░░░░░░░░  43%  Streaming frame 5310/16394 (4 workers)
  ██████████░░░░░░░░░░░░░░░  43%  Streaming frame 5340/16394 (4 workers)
  ██████████░░░░░░░░░░░░░░░  43%  Streaming frame 5370/16394 (4 workers)
  ██████████░░░░░░░░░░░░░░░  43%  Streaming frame 5400/16394 (4 workers)
  ██████████░░░░░░░░░░░░░░░  43%  Streaming frame 5430/16394 (4 workers)
  ██████████░░░░░░░░░░░░░░░  43%  Streaming frame 5460/16394 (4 workers)
  ██████████░░░░░░░░░░░░░░░  43%  Streaming frame 5490/16394 (4 workers)
  ███████████░░░░░░░░░░░░░░  44%  Streaming frame 5520/16394 (4 workers)
  ███████████░░░░░░░░░░░░░░  44%  Streaming frame 5550/16394 (4 workers)
  ███████████░░░░░░░░░░░░░░  44%  Streaming frame 5580/16394 (4 workers)
  ███████████░░░░░░░░░░░░░░  44%  Streaming frame 5610/16394 (4 workers)
  ███████████░░░░░░░░░░░░░░  44%  Streaming frame 5640/16394 (4 workers)
  ███████████░░░░░░░░░░░░░░  44%  Streaming frame 5670/16394 (4 workers)
  ███████████░░░░░░░░░░░░░░  44%  Streaming frame 5700/16394 (4 workers)
  ███████████░░░░░░░░░░░░░░  44%  Streaming frame 5730/16394 (4 workers)
  ███████████░░░░░░░░░░░░░░  44%  Streaming frame 5760/16394 (4 workers)
  ███████████░░░░░░░░░░░░░░  44%  Streaming frame 5790/16394 (4 workers)
  ███████████░░░░░░░░░░░░░░  45%  Streaming frame 5820/16394 (4 workers)
  ███████████░░░░░░░░░░░░░░  45%  Streaming frame 5850/16394 (4 workers)
  ███████████░░░░░░░░░░░░░░  45%  Streaming frame 5880/16394 (4 workers)
  ███████████░░░░░░░░░░░░░░  45%  Streaming frame 5910/16394 (4 workers)
  ███████████░░░░░░░░░░░░░░  45%  Streaming frame 5940/16394 (4 workers)
  ███████████░░░░░░░░░░░░░░  45%  Streaming frame 5970/16394 (4 workers)
  ███████████░░░░░░░░░░░░░░  45%  Streaming frame 6000/16394 (4 workers)
[INFO] [Render:trace] {"renderJobId":"1966f301-2672-4850-a4c6-4a02559e5255","phase":"capture_streaming","status":"checkpoint","elapsedMs":619521,"message":"stage still running","stagePhase":"capturing","workerCount":4,"forceScreenshot":false,"totalFrames":16394,"framesCompleted":6022,"captureMode":"beginframe","captureOperation":"beginFrame","heartbeatIndex":7,"stageElapsedMs":600139}
  ███████████░░░░░░░░░░░░░░  45%  Streaming frame 6030/16394 (4 workers)
  ███████████░░░░░░░░░░░░░░  45%  Streaming frame 6060/16394 (4 workers)
  ███████████░░░░░░░░░░░░░░  45%  Streaming frame 6090/16394 (4 workers)
  ███████████░░░░░░░░░░░░░░  46%  Streaming frame 6120/16394 (4 workers)
  ███████████░░░░░░░░░░░░░░  46%  Streaming frame 6150/16394 (4 workers)
  ███████████░░░░░░░░░░░░░░  46%  Streaming frame 6180/16394 (4 workers)
  ███████████░░░░░░░░░░░░░░  46%  Streaming frame 6210/16394 (4 workers)
  ███████████░░░░░░░░░░░░░░  46%  Streaming frame 6240/16394 (4 workers)
  ███████████░░░░░░░░░░░░░░  46%  Streaming frame 6270/16394 (4 workers)
  ███████████░░░░░░░░░░░░░░  46%  Streaming frame 6300/16394 (4 workers)
  ███████████░░░░░░░░░░░░░░  46%  Streaming frame 6330/16394 (4 workers)
  ███████████░░░░░░░░░░░░░░  46%  Streaming frame 6360/16394 (4 workers)
  ███████████░░░░░░░░░░░░░░  46%  Streaming frame 6390/16394 (4 workers)
  ███████████░░░░░░░░░░░░░░  47%  Streaming frame 6420/16394 (4 workers)
  ███████████░░░░░░░░░░░░░░  47%  Streaming frame 6450/16394 (4 workers)
  ███████████░░░░░░░░░░░░░░  47%  Streaming frame 6480/16394 (4 workers)
  ███████████░░░░░░░░░░░░░░  47%  Streaming frame 6510/16394 (4 workers)
  ███████████░░░░░░░░░░░░░░  47%  Streaming frame 6540/16394 (4 workers)
  ███████████░░░░░░░░░░░░░░  47%  Streaming frame 6570/16394 (4 workers)
  ███████████░░░░░░░░░░░░░░  47%  Streaming frame 6600/16394 (4 workers)
  ███████████░░░░░░░░░░░░░░  47%  Streaming frame 6630/16394 (4 workers)
  ███████████░░░░░░░░░░░░░░  47%  Streaming frame 6660/16394 (4 workers)
  ███████████░░░░░░░░░░░░░░  47%  Streaming frame 6690/16394 (4 workers)
  ████████████░░░░░░░░░░░░░  48%  Streaming frame 6720/16394 (4 workers)
  ████████████░░░░░░░░░░░░░  48%  Streaming frame 6750/16394 (4 workers)
  ████████████░░░░░░░░░░░░░  48%  Streaming frame 6780/16394 (4 workers)
  ████████████░░░░░░░░░░░░░  48%  Streaming frame 6810/16394 (4 workers)
  ████████████░░░░░░░░░░░░░  48%  Streaming frame 6840/16394 (4 workers)
  ████████████░░░░░░░░░░░░░  48%  Streaming frame 6870/16394 (4 workers)
  ████████████░░░░░░░░░░░░░  48%  Streaming frame 6900/16394 (4 workers)
  ████████████░░░░░░░░░░░░░  48%  Streaming frame 6930/16394 (4 workers)
  ████████████░░░░░░░░░░░░░  48%  Streaming frame 6960/16394 (4 workers)
  ████████████░░░░░░░░░░░░░  48%  Streaming frame 6990/16394 (4 workers)
  ████████████░░░░░░░░░░░░░  49%  Streaming frame 7020/16394 (4 workers)
  ████████████░░░░░░░░░░░░░  49%  Streaming frame 7050/16394 (4 workers)
  ████████████░░░░░░░░░░░░░  49%  Streaming frame 7080/16394 (4 workers)
  ████████████░░░░░░░░░░░░░  49%  Streaming frame 7110/16394 (4 workers)
  ████████████░░░░░░░░░░░░░  49%  Streaming frame 7140/16394 (4 workers)
  ████████████░░░░░░░░░░░░░  49%  Streaming frame 7170/16394 (4 workers)
  ████████████░░░░░░░░░░░░░  49%  Streaming frame 7200/16394 (4 workers)
[INFO] [Render:trace] {"renderJobId":"1966f301-2672-4850-a4c6-4a02559e5255","phase":"capture_streaming","status":"checkpoint","elapsedMs":739571,"message":"stage still running","stagePhase":"capturing","workerCount":4,"forceScreenshot":false,"totalFrames":16394,"framesCompleted":7211,"captureMode":"beginframe","captureOperation":"beginFrame","heartbeatIndex":8,"stageElapsedMs":720189}
  ████████████░░░░░░░░░░░░░  49%  Streaming frame 7230/16394 (4 workers)
  ████████████░░░░░░░░░░░░░  49%  Streaming frame 7260/16394 (4 workers)
  ████████████░░░░░░░░░░░░░  49%  Streaming frame 7290/16394 (4 workers)
  ████████████░░░░░░░░░░░░░  50%  Streaming frame 7320/16394 (4 workers)
  ████████████░░░░░░░░░░░░░  50%  Streaming frame 7350/16394 (4 workers)
  ████████████░░░░░░░░░░░░░  50%  Streaming frame 7380/16394 (4 workers)
  ████████████░░░░░░░░░░░░░  50%  Streaming frame 7410/16394 (4 workers)
  ████████████░░░░░░░░░░░░░  50%  Streaming frame 7440/16394 (4 workers)
  ████████████░░░░░░░░░░░░░  50%  Streaming frame 7470/16394 (4 workers)
  ████████████░░░░░░░░░░░░░  50%  Streaming frame 7500/16394 (4 workers)
  ████████████░░░░░░░░░░░░░  50%  Streaming frame 7530/16394 (4 workers)
  ████████████░░░░░░░░░░░░░  50%  Streaming frame 7560/16394 (4 workers)
  ████████████░░░░░░░░░░░░░  50%  Streaming frame 7590/16394 (4 workers)
  ████████████░░░░░░░░░░░░░  51%  Streaming frame 7620/16394 (4 workers)
  ████████████░░░░░░░░░░░░░  51%  Streaming frame 7650/16394 (4 workers)
  ████████████░░░░░░░░░░░░░  51%  Streaming frame 7680/16394 (4 workers)
  ████████████░░░░░░░░░░░░░  51%  Streaming frame 7710/16394 (4 workers)
  ████████████░░░░░░░░░░░░░  51%  Streaming frame 7740/16394 (4 workers)
  ████████████░░░░░░░░░░░░░  51%  Streaming frame 7770/16394 (4 workers)
  ████████████░░░░░░░░░░░░░  51%  Streaming frame 7800/16394 (4 workers)
  ████████████░░░░░░░░░░░░░  51%  Streaming frame 7830/16394 (4 workers)
  ████████████░░░░░░░░░░░░░  51%  Streaming frame 7860/16394 (4 workers)
  ████████████░░░░░░░░░░░░░  51%  Streaming frame 7890/16394 (4 workers)
  █████████████░░░░░░░░░░░░  52%  Streaming frame 7920/16394 (4 workers)
  █████████████░░░░░░░░░░░░  52%  Streaming frame 7950/16394 (4 workers)
  █████████████░░░░░░░░░░░░  52%  Streaming frame 7980/16394 (4 workers)
  █████████████░░░░░░░░░░░░  52%  Streaming frame 8010/16394 (4 workers)
  █████████████░░░░░░░░░░░░  52%  Streaming frame 8040/16394 (4 workers)
  █████████████░░░░░░░░░░░░  52%  Streaming frame 8070/16394 (4 workers)
  █████████████░░░░░░░░░░░░  52%  Streaming frame 8100/16394 (4 workers)
  █████████████░░░░░░░░░░░░  52%  Streaming frame 8130/16394 (4 workers)
  █████████████░░░░░░░░░░░░  52%  Streaming frame 8160/16394 (4 workers)
  █████████████░░░░░░░░░░░░  52%  Streaming frame 8190/16394 (4 workers)
  █████████████░░░░░░░░░░░░  53%  Streaming frame 8220/16394 (4 workers)
  █████████████░░░░░░░░░░░░  53%  Streaming frame 8250/16394 (4 workers)
  █████████████░░░░░░░░░░░░  53%  Streaming frame 8280/16394 (4 workers)
  █████████████░░░░░░░░░░░░  53%  Streaming frame 8310/16394 (4 workers)
  █████████████░░░░░░░░░░░░  53%  Streaming frame 8340/16394 (4 workers)
  █████████████░░░░░░░░░░░░  53%  Streaming frame 8370/16394 (4 workers)
[INFO] [Render:trace] {"renderJobId":"1966f301-2672-4850-a4c6-4a02559e5255","phase":"capture_streaming","status":"checkpoint","elapsedMs":859626,"message":"stage still running","stagePhase":"capturing","workerCount":4,"forceScreenshot":false,"totalFrames":16394,"framesCompleted":8374,"captureMode":"beginframe","captureOperation":"beginFrame","heartbeatIndex":9,"stageElapsedMs":840244}
  █████████████░░░░░░░░░░░░  53%  Streaming frame 8400/16394 (4 workers)
  █████████████░░░░░░░░░░░░  53%  Streaming frame 8430/16394 (4 workers)
  █████████████░░░░░░░░░░░░  53%  Streaming frame 8460/16394 (4 workers)
  █████████████░░░░░░░░░░░░  53%  Streaming frame 8490/16394 (4 workers)
  █████████████░░░░░░░░░░░░  54%  Streaming frame 8520/16394 (4 workers)
  █████████████░░░░░░░░░░░░  54%  Streaming frame 8550/16394 (4 workers)
  █████████████░░░░░░░░░░░░  54%  Streaming frame 8580/16394 (4 workers)
  █████████████░░░░░░░░░░░░  54%  Streaming frame 8610/16394 (4 workers)
  █████████████░░░░░░░░░░░░  54%  Streaming frame 8640/16394 (4 workers)
  █████████████░░░░░░░░░░░░  54%  Streaming frame 8670/16394 (4 workers)
  █████████████░░░░░░░░░░░░  54%  Streaming frame 8700/16394 (4 workers)
  █████████████░░░░░░░░░░░░  54%  Streaming frame 8730/16394 (4 workers)
  █████████████░░░░░░░░░░░░  54%  Streaming frame 8760/16394 (4 workers)
  █████████████░░░░░░░░░░░░  54%  Streaming frame 8790/16394 (4 workers)
  █████████████░░░░░░░░░░░░  55%  Streaming frame 8820/16394 (4 workers)
  █████████████░░░░░░░░░░░░  55%  Streaming frame 8850/16394 (4 workers)
  █████████████░░░░░░░░░░░░  55%  Streaming frame 8880/16394 (4 workers)
  █████████████░░░░░░░░░░░░  55%  Streaming frame 8910/16394 (4 workers)
  █████████████░░░░░░░░░░░░  55%  Streaming frame 8940/16394 (4 workers)
  █████████████░░░░░░░░░░░░  55%  Streaming frame 8970/16394 (4 workers)
  █████████████░░░░░░░░░░░░  55%  Streaming frame 9000/16394 (4 workers)
  █████████████░░░░░░░░░░░░  55%  Streaming frame 9030/16394 (4 workers)
  █████████████░░░░░░░░░░░░  55%  Streaming frame 9060/16394 (4 workers)
  █████████████░░░░░░░░░░░░  55%  Streaming frame 9090/16394 (4 workers)
  ██████████████░░░░░░░░░░░  56%  Streaming frame 9120/16394 (4 workers)
  ██████████████░░░░░░░░░░░  56%  Streaming frame 9150/16394 (4 workers)
  ██████████████░░░░░░░░░░░  56%  Streaming frame 9180/16394 (4 workers)
  ██████████████░░░░░░░░░░░  56%  Streaming frame 9210/16394 (4 workers)
  ██████████████░░░░░░░░░░░  56%  Streaming frame 9240/16394 (4 workers)
  ██████████████░░░░░░░░░░░  56%  Streaming frame 9270/16394 (4 workers)
  ██████████████░░░░░░░░░░░  56%  Streaming frame 9300/16394 (4 workers)
  ██████████████░░░░░░░░░░░  56%  Streaming frame 9330/16394 (4 workers)
  ██████████████░░░░░░░░░░░  56%  Streaming frame 9360/16394 (4 workers)
  ██████████████░░░░░░░░░░░  57%  Streaming frame 9390/16394 (4 workers)
  ██████████████░░░░░░░░░░░  57%  Streaming frame 9420/16394 (4 workers)
  ██████████████░░░░░░░░░░░  57%  Streaming frame 9450/16394 (4 workers)
  ██████████████░░░░░░░░░░░  57%  Streaming frame 9480/16394 (4 workers)
  ██████████████░░░░░░░░░░░  57%  Streaming frame 9510/16394 (4 workers)
  ██████████████░░░░░░░░░░░  57%  Streaming frame 9540/16394 (4 workers)
  ██████████████░░░░░░░░░░░  57%  Streaming frame 9570/16394 (4 workers)
  ██████████████░░░░░░░░░░░  57%  Streaming frame 9600/16394 (4 workers)
[INFO] [Render:trace] {"renderJobId":"1966f301-2672-4850-a4c6-4a02559e5255","phase":"capture_streaming","status":"checkpoint","elapsedMs":979632,"message":"stage still running","stagePhase":"capturing","workerCount":4,"forceScreenshot":false,"totalFrames":16394,"framesCompleted":9603,"captureMode":"beginframe","captureOperation":"beginFrame","heartbeatIndex":10,"stageElapsedMs":960250}
  ██████████████░░░░░░░░░░░  57%  Streaming frame 9630/16394 (4 workers)
  ██████████████░░░░░░░░░░░  57%  Streaming frame 9660/16394 (4 workers)
  ██████████████░░░░░░░░░░░  58%  Streaming frame 9690/16394 (4 workers)
  ██████████████░░░░░░░░░░░  58%  Streaming frame 9720/16394 (4 workers)
  ██████████████░░░░░░░░░░░  58%  Streaming frame 9750/16394 (4 workers)
  ██████████████░░░░░░░░░░░  58%  Streaming frame 9780/16394 (4 workers)
  ██████████████░░░░░░░░░░░  58%  Streaming frame 9810/16394 (4 workers)
  ██████████████░░░░░░░░░░░  58%  Streaming frame 9840/16394 (4 workers)
  ██████████████░░░░░░░░░░░  58%  Streaming frame 9870/16394 (4 workers)
  ██████████████░░░░░░░░░░░  58%  Streaming frame 9900/16394 (4 workers)
  ██████████████░░░░░░░░░░░  58%  Streaming frame 9930/16394 (4 workers)
  ██████████████░░░░░░░░░░░  58%  Streaming frame 9960/16394 (4 workers)
  ██████████████░░░░░░░░░░░  59%  Streaming frame 9990/16394 (4 workers)
  ██████████████░░░░░░░░░░░  59%  Streaming frame 10020/16394 (4 workers)
  ██████████████░░░░░░░░░░░  59%  Streaming frame 10050/16394 (4 workers)
  ██████████████░░░░░░░░░░░  59%  Streaming frame 10080/16394 (4 workers)
  ██████████████░░░░░░░░░░░  59%  Streaming frame 10110/16394 (4 workers)
  ██████████████░░░░░░░░░░░  59%  Streaming frame 10140/16394 (4 workers)
  ██████████████░░░░░░░░░░░  59%  Streaming frame 10170/16394 (4 workers)
  ██████████████░░░░░░░░░░░  59%  Streaming frame 10200/16394 (4 workers)
  ██████████████░░░░░░░░░░░  59%  Streaming frame 10230/16394 (4 workers)
  ██████████████░░░░░░░░░░░  59%  Streaming frame 10260/16394 (4 workers)
  ███████████████░░░░░░░░░░  60%  Streaming frame 10290/16394 (4 workers)
  ███████████████░░░░░░░░░░  60%  Streaming frame 10320/16394 (4 workers)
  ███████████████░░░░░░░░░░  60%  Streaming frame 10350/16394 (4 workers)
  ███████████████░░░░░░░░░░  60%  Streaming frame 10380/16394 (4 workers)
  ███████████████░░░░░░░░░░  60%  Streaming frame 10410/16394 (4 workers)
  ███████████████░░░░░░░░░░  60%  Streaming frame 10440/16394 (4 workers)
  ███████████████░░░░░░░░░░  60%  Streaming frame 10470/16394 (4 workers)
  ███████████████░░░░░░░░░░  60%  Streaming frame 10500/16394 (4 workers)
  ███████████████░░░░░░░░░░  60%  Streaming frame 10530/16394 (4 workers)
  ███████████████░░░░░░░░░░  60%  Streaming frame 10560/16394 (4 workers)
  ███████████████░░░░░░░░░░  61%  Streaming frame 10590/16394 (4 workers)
  ███████████████░░░░░░░░░░  61%  Streaming frame 10620/16394 (4 workers)
  ███████████████░░░░░░░░░░  61%  Streaming frame 10650/16394 (4 workers)
  ███████████████░░░░░░░░░░  61%  Streaming frame 10680/16394 (4 workers)
  ███████████████░░░░░░░░░░  61%  Streaming frame 10710/16394 (4 workers)
  ███████████████░░░░░░░░░░  61%  Streaming frame 10740/16394 (4 workers)
  ███████████████░░░░░░░░░░  61%  Streaming frame 10770/16394 (4 workers)
  ███████████████░░░░░░░░░░  61%  Streaming frame 10800/16394 (4 workers)
  ███████████████░░░░░░░░░░  61%  Streaming frame 10830/16394 (4 workers)
[INFO] [Render:trace] {"renderJobId":"1966f301-2672-4850-a4c6-4a02559e5255","phase":"capture_streaming","status":"checkpoint","elapsedMs":1099605,"message":"stage still running","stagePhase":"capturing","workerCount":4,"forceScreenshot":false,"totalFrames":16394,"framesCompleted":10853,"captureMode":"beginframe","captureOperation":"beginFrame","heartbeatIndex":11,"stageElapsedMs":1080223}
  ███████████████░░░░░░░░░░  61%  Streaming frame 10860/16394 (4 workers)
  ███████████████░░░░░░░░░░  62%  Streaming frame 10890/16394 (4 workers)
  ███████████████░░░░░░░░░░  62%  Streaming frame 10920/16394 (4 workers)
  ███████████████░░░░░░░░░░  62%  Streaming frame 10950/16394 (4 workers)
  ███████████████░░░░░░░░░░  62%  Streaming frame 10980/16394 (4 workers)
  ███████████████░░░░░░░░░░  62%  Streaming frame 11010/16394 (4 workers)
  ███████████████░░░░░░░░░░  62%  Streaming frame 11040/16394 (4 workers)
  ███████████████░░░░░░░░░░  62%  Streaming frame 11070/16394 (4 workers)
  ███████████████░░░░░░░░░░  62%  Streaming frame 11100/16394 (4 workers)
  ███████████████░░░░░░░░░░  62%  Streaming frame 11130/16394 (4 workers)
  ███████████████░░░░░░░░░░  62%  Streaming frame 11160/16394 (4 workers)
  ███████████████░░░░░░░░░░  63%  Streaming frame 11190/16394 (4 workers)
  ███████████████░░░░░░░░░░  63%  Streaming frame 11220/16394 (4 workers)
  ███████████████░░░░░░░░░░  63%  Streaming frame 11250/16394 (4 workers)
  ███████████████░░░░░░░░░░  63%  Streaming frame 11280/16394 (4 workers)
  ███████████████░░░░░░░░░░  63%  Streaming frame 11310/16394 (4 workers)
  ███████████████░░░░░░░░░░  63%  Streaming frame 11340/16394 (4 workers)
  ███████████████░░░░░░░░░░  63%  Streaming frame 11370/16394 (4 workers)
  ███████████████░░░░░░░░░░  63%  Streaming frame 11400/16394 (4 workers)
  ███████████████░░░░░░░░░░  63%  Streaming frame 11430/16394 (4 workers)
  ███████████████░░░░░░░░░░  63%  Streaming frame 11460/16394 (4 workers)
  ████████████████░░░░░░░░░  64%  Streaming frame 11490/16394 (4 workers)
  ████████████████░░░░░░░░░  64%  Streaming frame 11520/16394 (4 workers)
  ████████████████░░░░░░░░░  64%  Streaming frame 11550/16394 (4 workers)
  ████████████████░░░░░░░░░  64%  Streaming frame 11580/16394 (4 workers)
  ████████████████░░░░░░░░░  64%  Streaming frame 11610/16394 (4 workers)
  ████████████████░░░░░░░░░  64%  Streaming frame 11640/16394 (4 workers)
  ████████████████░░░░░░░░░  64%  Streaming frame 11670/16394 (4 workers)
  ████████████████░░░░░░░░░  64%  Streaming frame 11700/16394 (4 workers)
  ████████████████░░░░░░░░░  64%  Streaming frame 11730/16394 (4 workers)
  ████████████████░░░░░░░░░  64%  Streaming frame 11760/16394 (4 workers)
  ████████████████░░░░░░░░░  65%  Streaming frame 11790/16394 (4 workers)
  ████████████████░░░░░░░░░  65%  Streaming frame 11820/16394 (4 workers)
  ████████████████░░░░░░░░░  65%  Streaming frame 11850/16394 (4 workers)
  ████████████████░░░░░░░░░  65%  Streaming frame 11880/16394 (4 workers)
  ████████████████░░░░░░░░░  65%  Streaming frame 11910/16394 (4 workers)
  ████████████████░░░░░░░░░  65%  Streaming frame 11940/16394 (4 workers)
  ████████████████░░░░░░░░░  65%  Streaming frame 11970/16394 (4 workers)
  ████████████████░░░░░░░░░  65%  Streaming frame 12000/16394 (4 workers)
[INFO] [Render:trace] {"renderJobId":"1966f301-2672-4850-a4c6-4a02559e5255","phase":"capture_streaming","status":"checkpoint","elapsedMs":1219623,"message":"stage still running","stagePhase":"capturing","workerCount":4,"forceScreenshot":false,"totalFrames":16394,"framesCompleted":12019,"captureMode":"beginframe","captureOperation":"beginFrame","heartbeatIndex":12,"stageElapsedMs":1200241}
  ████████████████░░░░░░░░░  65%  Streaming frame 12030/16394 (4 workers)
  ████████████████░░░░░░░░░  65%  Streaming frame 12060/16394 (4 workers)
  ████████████████░░░░░░░░░  66%  Streaming frame 12090/16394 (4 workers)
  ████████████████░░░░░░░░░  66%  Streaming frame 12120/16394 (4 workers)
  ████████████████░░░░░░░░░  66%  Streaming frame 12150/16394 (4 workers)
  ████████████████░░░░░░░░░  66%  Streaming frame 12180/16394 (4 workers)
  ████████████████░░░░░░░░░  66%  Streaming frame 12210/16394 (4 workers)
  ████████████████░░░░░░░░░  66%  Streaming frame 12240/16394 (4 workers)
  ████████████████░░░░░░░░░  66%  Streaming frame 12270/16394 (4 workers)
  ████████████████░░░░░░░░░  66%  Streaming frame 12300/16394 (4 workers)
  ████████████████░░░░░░░░░  66%  Streaming frame 12330/16394 (4 workers)
  ████████████████░░░░░░░░░  66%  Streaming frame 12360/16394 (4 workers)
  ████████████████░░░░░░░░░  67%  Streaming frame 12390/16394 (4 workers)
  ████████████████░░░░░░░░░  67%  Streaming frame 12420/16394 (4 workers)
  ████████████████░░░░░░░░░  67%  Streaming frame 12450/16394 (4 workers)
  ████████████████░░░░░░░░░  67%  Streaming frame 12480/16394 (4 workers)
  ████████████████░░░░░░░░░  67%  Streaming frame 12510/16394 (4 workers)
  ████████████████░░░░░░░░░  67%  Streaming frame 12540/16394 (4 workers)
  ████████████████░░░░░░░░░  67%  Streaming frame 12570/16394 (4 workers)
  ████████████████░░░░░░░░░  67%  Streaming frame 12600/16394 (4 workers)
  ████████████████░░░░░░░░░  67%  Streaming frame 12630/16394 (4 workers)
  ████████████████░░░░░░░░░  67%  Streaming frame 12660/16394 (4 workers)
  █████████████████░░░░░░░░  68%  Streaming frame 12690/16394 (4 workers)
  █████████████████░░░░░░░░  68%  Streaming frame 12720/16394 (4 workers)
  █████████████████░░░░░░░░  68%  Streaming frame 12750/16394 (4 workers)
  █████████████████░░░░░░░░  68%  Streaming frame 12780/16394 (4 workers)
  █████████████████░░░░░░░░  68%  Streaming frame 12810/16394 (4 workers)
  █████████████████░░░░░░░░  68%  Streaming frame 12840/16394 (4 workers)
  █████████████████░░░░░░░░  68%  Streaming frame 12870/16394 (4 workers)
  █████████████████░░░░░░░░  68%  Streaming frame 12900/16394 (4 workers)
  █████████████████░░░░░░░░  68%  Streaming frame 12930/16394 (4 workers)
  █████████████████░░░░░░░░  68%  Streaming frame 12960/16394 (4 workers)
  █████████████████░░░░░░░░  69%  Streaming frame 12990/16394 (4 workers)
  █████████████████░░░░░░░░  69%  Streaming frame 13020/16394 (4 workers)
  █████████████████░░░░░░░░  69%  Streaming frame 13050/16394 (4 workers)
  █████████████████░░░░░░░░  69%  Streaming frame 13080/16394 (4 workers)
  █████████████████░░░░░░░░  69%  Streaming frame 13110/16394 (4 workers)
  █████████████████░░░░░░░░  69%  Streaming frame 13140/16394 (4 workers)
  █████████████████░░░░░░░░  69%  Streaming frame 13170/16394 (4 workers)
  █████████████████░░░░░░░░  69%  Streaming frame 13200/16394 (4 workers)
  █████████████████░░░░░░░░  69%  Streaming frame 13230/16394 (4 workers)
  █████████████████░░░░░░░░  69%  Streaming frame 13260/16394 (4 workers)
  █████████████████░░░░░░░░  70%  Streaming frame 13290/16394 (4 workers)
  █████████████████░░░░░░░░  70%  Streaming frame 13320/16394 (4 workers)
  █████████████████░░░░░░░░  70%  Streaming frame 13350/16394 (4 workers)
  █████████████████░░░░░░░░  70%  Streaming frame 13380/16394 (4 workers)
  █████████████████░░░░░░░░  70%  Streaming frame 13410/16394 (4 workers)
  █████████████████░░░░░░░░  70%  Streaming frame 13440/16394 (4 workers)
[INFO] [Render:trace] {"renderJobId":"1966f301-2672-4850-a4c6-4a02559e5255","phase":"capture_streaming","status":"checkpoint","elapsedMs":1339634,"message":"stage still running","stagePhase":"capturing","workerCount":4,"forceScreenshot":false,"totalFrames":16394,"framesCompleted":13464,"captureMode":"beginframe","captureOperation":"beginFrame","heartbeatIndex":13,"stageElapsedMs":1320252}
  █████████████████░░░░░░░░  70%  Streaming frame 13470/16394 (4 workers)
  █████████████████░░░░░░░░  70%  Streaming frame 13500/16394 (4 workers)
  █████████████████░░░░░░░░  70%  Streaming frame 13530/16394 (4 workers)
  █████████████████░░░░░░░░  70%  Streaming frame 13560/16394 (4 workers)
  █████████████████░░░░░░░░  71%  Streaming frame 13590/16394 (4 workers)
  █████████████████░░░░░░░░  71%  Streaming frame 13620/16394 (4 workers)
  █████████████████░░░░░░░░  71%  Streaming frame 13650/16394 (4 workers)
  █████████████████░░░░░░░░  71%  Streaming frame 13680/16394 (4 workers)
  █████████████████░░░░░░░░  71%  Streaming frame 13710/16394 (4 workers)
  █████████████████░░░░░░░░  71%  Streaming frame 13740/16394 (4 workers)
  █████████████████░░░░░░░░  71%  Streaming frame 13770/16394 (4 workers)
  █████████████████░░░░░░░░  71%  Streaming frame 13800/16394 (4 workers)
  █████████████████░░░░░░░░  71%  Streaming frame 13830/16394 (4 workers)
  █████████████████░░░░░░░░  71%  Streaming frame 13860/16394 (4 workers)
  ██████████████████░░░░░░░  72%  Streaming frame 13890/16394 (4 workers)
  ██████████████████░░░░░░░  72%  Streaming frame 13920/16394 (4 workers)
  ██████████████████░░░░░░░  72%  Streaming frame 13950/16394 (4 workers)
  ██████████████████░░░░░░░  72%  Streaming frame 13980/16394 (4 workers)
  ██████████████████░░░░░░░  72%  Streaming frame 14010/16394 (4 workers)
  ██████████████████░░░░░░░  72%  Streaming frame 14040/16394 (4 workers)
  ██████████████████░░░░░░░  72%  Streaming frame 14070/16394 (4 workers)
  ██████████████████░░░░░░░  72%  Streaming frame 14100/16394 (4 workers)
  ██████████████████░░░░░░░  72%  Streaming frame 14130/16394 (4 workers)
  ██████████████████░░░░░░░  73%  Streaming frame 14160/16394 (4 workers)
  ██████████████████░░░░░░░  73%  Streaming frame 14190/16394 (4 workers)
  ██████████████████░░░░░░░  73%  Streaming frame 14220/16394 (4 workers)
  ██████████████████░░░░░░░  73%  Streaming frame 14250/16394 (4 workers)
  ██████████████████░░░░░░░  73%  Streaming frame 14280/16394 (4 workers)
  ██████████████████░░░░░░░  73%  Streaming frame 14310/16394 (4 workers)
  ██████████████████░░░░░░░  73%  Streaming frame 14340/16394 (4 workers)
  ██████████████████░░░░░░░  73%  Streaming frame 14370/16394 (4 workers)
  ██████████████████░░░░░░░  73%  Streaming frame 14400/16394 (4 workers)
  ██████████████████░░░░░░░  73%  Streaming frame 14430/16394 (4 workers)
  ██████████████████░░░░░░░  74%  Streaming frame 14460/16394 (4 workers)
  ██████████████████░░░░░░░  74%  Streaming frame 14490/16394 (4 workers)
  ██████████████████░░░░░░░  74%  Streaming frame 14520/16394 (4 workers)
  ██████████████████░░░░░░░  74%  Streaming frame 14550/16394 (4 workers)
  ██████████████████░░░░░░░  74%  Streaming frame 14580/16394 (4 workers)
  ██████████████████░░░░░░░  74%  Streaming frame 14610/16394 (4 workers)
  ██████████████████░░░░░░░  74%  Streaming frame 14640/16394 (4 workers)
  ██████████████████░░░░░░░  74%  Streaming frame 14670/16394 (4 workers)
  ██████████████████░░░░░░░  74%  Streaming frame 14700/16394 (4 workers)
  ██████████████████░░░░░░░  74%  Streaming frame 14730/16394 (4 workers)
  ██████████████████░░░░░░░  75%  Streaming frame 14760/16394 (4 workers)
  ██████████████████░░░░░░░  75%  Streaming frame 14790/16394 (4 workers)
  ██████████████████░░░░░░░  75%  Streaming frame 14820/16394 (4 workers)
  ██████████████████░░░░░░░  75%  Streaming frame 14850/16394 (4 workers)
  ██████████████████░░░░░░░  75%  Streaming frame 14880/16394 (4 workers)
  ██████████████████░░░░░░░  75%  Streaming frame 14910/16394 (4 workers)
  ██████████████████░░░░░░░  75%  Streaming frame 14940/16394 (4 workers)
  ██████████████████░░░░░░░  75%  Streaming frame 14970/16394 (4 workers)
[INFO] [Render:trace] {"renderJobId":"1966f301-2672-4850-a4c6-4a02559e5255","phase":"capture_streaming","status":"checkpoint","elapsedMs":1459636,"message":"stage still running","stagePhase":"capturing","workerCount":4,"forceScreenshot":false,"totalFrames":16394,"framesCompleted":14997,"captureMode":"beginframe","captureOperation":"beginFrame","heartbeatIndex":14,"stageElapsedMs":1440254}
  ██████████████████░░░░░░░  75%  Streaming frame 15000/16394 (4 workers)
  ██████████████████░░░░░░░  75%  Streaming frame 15030/16394 (4 workers)
  ███████████████████░░░░░░  76%  Streaming frame 15060/16394 (4 workers)
  ███████████████████░░░░░░  76%  Streaming frame 15090/16394 (4 workers)
  ███████████████████░░░░░░  76%  Streaming frame 15120/16394 (4 workers)
  ███████████████████░░░░░░  76%  Streaming frame 15150/16394 (4 workers)
  ███████████████████░░░░░░  76%  Streaming frame 15180/16394 (4 workers)
  ███████████████████░░░░░░  76%  Streaming frame 15210/16394 (4 workers)
  ███████████████████░░░░░░  76%  Streaming frame 15240/16394 (4 workers)
  ███████████████████░░░░░░  76%  Streaming frame 15270/16394 (4 workers)
  ███████████████████░░░░░░  76%  Streaming frame 15300/16394 (4 workers)
  ███████████████████░░░░░░  76%  Streaming frame 15330/16394 (4 workers)
