
◆  Rendering project/compositions/panel-02.html → /private/tmp/sniper-c0679-fresh-b-20260909.0Ydfxp/revision-work/render-v4/panel-02.mp4
   24000/1001fps · high · 1 workers

[?25l│
◇  Browser: env
[?25h/bin/sh: /bin/ps: Operation not permitted
/bin/sh: /bin/ps: Operation not permitted
/bin/sh: /bin/ps: Operation not permitted
/bin/sh: /bin/ps: Operation not permitted
/bin/sh: /bin/ps: Operation not permitted
[INFO] [Render] Pipeline started {"renderJobId":"37cd113a-1983-4870-ace1-2bec06a08459","platform":"darwin","arch":"arm64","nodeVersion":"v23.10.0","fps":{"num":24000,"den":1001},"format":"mp4","quality":"high","browserGpuMode":"software","forceScreenshot":true,"protocolTimeout":300000,"browserTimeout":120000,"pageNavigationTimeout":60000,"playerReadyTimeout":45000}
[INFO] [Render:trace] {"renderJobId":"37cd113a-1983-4870-ace1-2bec06a08459","phase":"pipeline","status":"checkpoint","elapsedMs":2,"message":"started","format":"mp4","quality":"high","browserGpuMode":"software","forceScreenshot":true,"protocolTimeoutMs":300000,"pageNavigationTimeoutMs":60000,"playerReadyTimeoutMs":45000,"requestedWorkers":1}
[INFO] [Render:trace] {"renderJobId":"37cd113a-1983-4870-ace1-2bec06a08459","phase":"compile","status":"start","elapsedMs":3,"needsAlpha":false}
  █░░░░░░░░░░░░░░░░░░░░░░░░  5%  Compiling composition
[INFO] [Compiler] Embedded local font file: assets/display.woff2 (23 KB → data URI)
[INFO] [Compiler] Embedded local font file: assets/mono.woff2 (15 KB → data URI)
[INFO] [Compiler] Embedded local font file: assets/mono-bold.woff2 (16 KB → data URI)
[INFO] Compiled composition metadata {"renderJobId":"37cd113a-1983-4870-ace1-2bec06a08459","entryFile":"compositions/panel-02.html","staticDuration":0,"width":1080,"height":1920,"videoCount":0,"audioCount":0,"renderModeHints":{"recommendScreenshot":false,"reasons":[]}}
[INFO] [Render:trace] {"renderJobId":"37cd113a-1983-4870-ace1-2bec06a08459","phase":"compile","status":"end","elapsedMs":34,"durationMs":31,"needsAlpha":false}
[INFO] [Render:trace] {"renderJobId":"37cd113a-1983-4870-ace1-2bec06a08459","phase":"compile","status":"checkpoint","elapsedMs":34,"message":"composition metadata resolved","width":1080,"height":1920,"videoCount":0,"audioCount":0,"imageCount":0,"deviceScaleFactor":1,"forceScreenshot":true,"compositionHash":"53dab8761ab0af14"}
[INFO] [Render] Low-memory render profile active — screenshot capture, auto-worker calibration skipped. Override with --no-low-memory-mode or PRODUCER_LOW_MEMORY_MODE=false. {"renderJobId":"37cd113a-1983-4870-ace1-2bec06a08459","totalMemMb":65536,"thresholdMb":8192}
[INFO] [Render:trace] {"renderJobId":"37cd113a-1983-4870-ace1-2bec06a08459","phase":"browser_probe","status":"start","elapsedMs":34,"forceScreenshot":true,"stagePhase":"calibrating"}
[INFO] Launching browser for composition probe... {"renderJobId":"37cd113a-1983-4870-ace1-2bec06a08459","reasons":["root duration unknown"]}
[INFO] Creating capture session... {"renderJobId":"37cd113a-1983-4870-ace1-2bec06a08459","attempt":1,"maxAttempts":2}
[BrowserManager] Browser launched (HeadlessChrome/152.0.7928.2, screenshot, gl=--use-gl=angle --use-angle=swiftshader, headlessShell=true, platform=darwin)
[INFO] Waiting for composition to initialize... {"renderJobId":"37cd113a-1983-4870-ace1-2bec06a08459","attempt":1}
[initSession:screenshot] page.goto start (0ms)
[HyperFrames] render runtime fps [object Object]
[initSession:screenshot] page.goto complete (125ms)
[initSession:screenshot] GSAP proxy flush complete (137ms)
[WARN] Browser probe attempt failed {"renderJobId":"37cd113a-1983-4870-ace1-2bec06a08459","attempt":1,"maxAttempts":2,"isTransient":false,"error":"[FrameCapture] Composition has zero duration.\n  Runtime ready: true, __player: true, __hf.seek: true, GSAP timeline: false, data-duration: not set\n  → No GSAP timeline registered (window.__timelines is empty). CSS/WAAPI/Lottie animations are usually auto-detected (the runtime infers duration from the longest running animation) — this composition's duration could not be inferred, which usually means an infinite/unbounded animation (e.g. animation-iteration-count: infinite, repeat: -1 WAAPI, or a looping Lottie clip) or a Three.js scene with no discoverable AnimationClip.\n  → Fix: add data-duration=\"<seconds>\" to your root <div data-composition-id=\"...\"> element.\n  → The runtime finished initializing but reported zero duration — this is permanent.","elapsedMs":10329}
[INFO] [Render:trace] {"renderJobId":"37cd113a-1983-4870-ace1-2bec06a08459","phase":"browser_probe","status":"error","elapsedMs":10412,"durationMs":10378,"message":"[FrameCapture] Composition has zero duration.\n  Runtime ready: true, __player: true, __hf.seek: true, GSAP timeline: false, data-duration: not set\n  → No GSAP timeline registered (window.__timelines is empty). [path] animations are usually…","forceScreenshot":true,"stagePhase":"calibrating"}
  █░░░░░░░░░░░░░░░░░░░░░░░░  5%  Failed: [FrameCapture] Composition has zero duration.
  Runtime ready: true, __player: true, __hf.seek: true, GSAP timeline: false, data-duration: not set
  → No GSAP timeline registered (window.__timelines is empty). CSS/WAAPI/Lottie animations are usually auto-detected (the runtime infers duration from the longest running animation) — this composition's duration could not be inferred, which usually means an infinite/unbounded animation (e.g. animation-iteration-count: infinite, repeat: -1 WAAPI, or a looping Lottie clip) or a Three.js scene with no discoverable AnimationClip.
  → Fix: add data-duration="<seconds>" to your root <div data-composition-id="..."> element.
  → The runtime finished initializing but reported zero duration — this is permanent.
[INFO] [Render] Failure summary {"renderJobId":"37cd113a-1983-4870-ace1-2bec06a08459","failedStage":"Compiling composition","error":"[FrameCapture] Composition has zero duration.\n  Runtime ready: true, __player: true, __hf.seek: true, GSAP timeline: false, data-duration: not set\n  → No GSAP timeline registered (window.__timelines is empty). CSS/WAAPI/Lottie animations are usually auto-detected (the runtime infers duration from the longest running animation) — this composition's duration could not be inferred, which usually means an infinite/unbounded animation (e.g. animation-iteration-count: infinite, repeat: -1 WAAPI, or a looping Lottie clip) or a Three.js scene with no discoverable AnimationClip.\n  → Fix: add data-duration=\"<seconds>\" to your root <div data-composition-id=\"...\"> element.\n  → The runtime finished initializing but reported zero duration — this is permanent.","elapsedMs":10414,"stageTimings":{"compileOnlyMs":30},"isTimeout":false,"workers":1,"protocolTimeout":300000,"observedFailedPhase":"browser_probe","observedLastPhase":"browser_probe","observedLastStatus":"error","browserDiagnostics":{"total":0,"errors":0,"pageErrors":0,"requestFailed":0,"httpErrors":0,"navigationStarts":0,"navigationFailures":0,"consoleErrors":0,"consoleWarnings":0},"browserConsoleErrors":[]}

✗  Render failed

   [FrameCapture] Composition has zero duration.
     Runtime ready: true, __player: true, __hf.seek: true, GSAP timeline: false, data-duration: not set
     → No GSAP timeline registered (window.__timelines is empty). CSS/WAAPI/Lottie animations are usually auto-detected (the runtime infers duration from the longest running animation) — this composition's duration could not be inferred, which usually means an infinite/unbounded animation (e.g. animation-iteration-count: infinite, repeat: -1 WAAPI, or a looping Lottie clip) or a Three.js scene with no discoverable AnimationClip.
     → Fix: add data-duration="<seconds>" to your root <div data-composition-id="..."> element.
     → The runtime finished initializing but reported zero duration — this is permanent.
   Try --docker for containerized rendering

